Archive member included to satisfy reference by file (symbol)

/Applications/ArmGNUToolchain/14.3.rel1/arm-none-eabi/bin/../lib/gcc/arm-none-eabi/14.3.1/thumb/v6-m/nofp/libgcc.a(_dvmd_tls.o)
                              CMakeFiles/pico_tas_playback.dir/Users/adam/pico-sdk/src/rp2_common/pico_divider/divider_hardware.S.o (__aeabi_idiv0)
/Applications/ArmGNUToolchain/14.3.rel1/arm-none-eabi/bin/../lib/gcc/arm-none-eabi/14.3.1/../../../../arm-none-eabi/lib/thumb/v6-m/nofp/libg.a(libc_a-calloc.o)
                              CMakeFiles/pico_tas_playback.dir/Users/adam/pico-sdk/src/rp2_common/pico_malloc/malloc.c.o (calloc)
/Applications/ArmGNUToolchain/14.3.rel1/arm-none-eabi/bin/../lib/gcc/arm-none-eabi/14.3.1/../../../../arm-none-eabi/lib/thumb/v6-m/nofp/libg.a(libc_a-callocr.o)
                              /Applications/ArmGNUToolchain/14.3.rel1/arm-none-eabi/bin/../lib/gcc/arm-none-eabi/14.3.1/../../../../arm-none-eabi/lib/thumb/v6-m/nofp/libg.a(libc_a-calloc.o) (_calloc_r)
/Applications/ArmGNUToolchain/14.3.rel1/arm-none-eabi/bin/../lib/gcc/arm-none-eabi/14.3.1/../../../../arm-none-eabi/lib/thumb/v6-m/nofp/libg.a(libc_a-malloc.o)
                              CMakeFiles/pico_tas_playback.dir/Users/adam/pico-sdk/src/rp2_common/pico_malloc/malloc.c.o (malloc)
/Applications/ArmGNUToolchain/14.3.rel1/arm-none-eabi/bin/../lib/gcc/arm-none-eabi/14.3.1/../../../../arm-none-eabi/lib/thumb/v6-m/nofp/libg.a(libc_a-mallocr.o)
                              /Applications/ArmGNUToolchain/14.3.rel1/arm-none-eabi/bin/../lib/gcc/arm-none-eabi/14.3.1/../../../../arm-none-eabi/lib/thumb/v6-m/nofp/libg.a(libc_a-callocr.o) (_malloc_r)
/Applications/ArmGNUToolchain/14.3.rel1/arm-none-eabi/bin/../lib/gcc/arm-none-eabi/14.3.1/../../../../arm-none-eabi/lib/thumb/v6-m/nofp/libg.a(libc_a-mlock.o)
                              /Applications/ArmGNUToolchain/14.3.rel1/arm-none-eabi/bin/../lib/gcc/arm-none-eabi/14.3.1/../../../../arm-none-eabi/lib/thumb/v6-m/nofp/libg.a(libc_a-mallocr.o) (__malloc_lock)
/Applications/ArmGNUToolchain/14.3.rel1/arm-none-eabi/bin/../lib/gcc/arm-none-eabi/14.3.1/../../../../arm-none-eabi/lib/thumb/v6-m/nofp/libg.a(libc_a-realloc.o)
                              CMakeFiles/pico_tas_playback.dir/Users/adam/pico-sdk/src/rp2_common/pico_malloc/malloc.c.o (realloc)
/Applications/ArmGNUToolchain/14.3.rel1/arm-none-eabi/bin/../lib/gcc/arm-none-eabi/14.3.1/../../../../arm-none-eabi/lib/thumb/v6-m/nofp/libg.a(libc_a-reallocr.o)
                              /Applications/ArmGNUToolchain/14.3.rel1/arm-none-eabi/bin/../lib/gcc/arm-none-eabi/14.3.1/../../../../arm-none-eabi/lib/thumb/v6-m/nofp/libg.a(libc_a-realloc.o) (_realloc_r)
/Applications/ArmGNUToolchain/14.3.rel1/arm-none-eabi/bin/../lib/gcc/arm-none-eabi/14.3.1/../../../../arm-none-eabi/lib/thumb/v6-m/nofp/libg.a(libc_a-memcmp.o)
                              CMakeFiles/pico_tas_playback.dir/Users/adam/pico-sdk/src/rp2_common/pico_atomic/atomic.c.o (memcmp)
/Applications/ArmGNUToolchain/14.3.rel1/arm-none-eabi/bin/../lib/gcc/arm-none-eabi/14.3.1/../../../../arm-none-eabi/lib/thumb/v6-m/nofp/libg.a(libc_a-memmove.o)
                              /Applications/ArmGNUToolchain/14.3.rel1/arm-none-eabi/bin/../lib/gcc/arm-none-eabi/14.3.1/../../../../arm-none-eabi/lib/thumb/v6-m/nofp/libg.a(libc_a-reallocr.o) (memmove)
/Applications/ArmGNUToolchain/14.3.rel1/arm-none-eabi/bin/../lib/gcc/arm-none-eabi/14.3.1/../../../../arm-none-eabi/lib/thumb/v6-m/nofp/libg.a(libc_a-lcltime_r.o)
                              CMakeFiles/pico_tas_playback.dir/Users/adam/pico-sdk/src/common/pico_util/datetime.c.o (localtime_r)
/Applications/ArmGNUToolchain/14.3.rel1/arm-none-eabi/bin/../lib/gcc/arm-none-eabi/14.3.1/../../../../arm-none-eabi/lib/thumb/v6-m/nofp/libg.a(libc_a-mktime.o)
                              CMakeFiles/pico_tas_playback.dir/Users/adam/pico-sdk/src/common/pico_util/datetime.c.o (mktime)
/Applications/ArmGNUToolchain/14.3.rel1/arm-none-eabi/bin/../lib/gcc/arm-none-eabi/14.3.1/../../../../arm-none-eabi/lib/thumb/v6-m/nofp/libg.a(libc_a-month_lengths.o)
                              /Applications/ArmGNUToolchain/14.3.rel1/arm-none-eabi/bin/../lib/gcc/arm-none-eabi/14.3.1/../../../../arm-none-eabi/lib/thumb/v6-m/nofp/libg.a(libc_a-lcltime_r.o) (__month_lengths)
/Applications/ArmGNUToolchain/14.3.rel1/arm-none-eabi/bin/../lib/gcc/arm-none-eabi/14.3.1/../../../../arm-none-eabi/lib/thumb/v6-m/nofp/libg.a(libc_a-tzcalc_limits.o)
                              /Applications/ArmGNUToolchain/14.3.rel1/arm-none-eabi/bin/../lib/gcc/arm-none-eabi/14.3.1/../../../../arm-none-eabi/lib/thumb/v6-m/nofp/libg.a(libc_a-lcltime_r.o) (__tzcalc_limits)
/Applications/ArmGNUToolchain/14.3.rel1/arm-none-eabi/bin/../lib/gcc/arm-none-eabi/14.3.1/../../../../arm-none-eabi/lib/thumb/v6-m/nofp/libg.a(libc_a-tzlock.o)
[...]
Memory Configuration

Name             Origin             Length             Attributes
FLASH            0x10000000         0x00200000         xr
RAM              0x20000000         0x00040000         xrw
SCRATCH_X        0x20040000         0x00001000         xrw
SCRATCH_Y        0x20041000         0x00001000         xrw
*default*        0x00000000         0xffffffff

Linker script and memory map

LOAD /Applications/ArmGNUToolchain/14.3.rel1/arm-none-eabi/bin/../lib/gcc/arm-none-eabi/14.3.1/thumb/v6-m/nofp/crti.o
LOAD /Applications/ArmGNUToolchain/14.3.rel1/arm-none-eabi/bin/../lib/gcc/arm-none-eabi/14.3.1/thumb/v6-m/nofp/crtbegin.o
LOAD /Applications/ArmGNUToolchain/14.3.rel1/arm-none-eabi/bin/../lib/gcc/arm-none-eabi/14.3.1/../../../../arm-none-eabi/lib/thumb/v6-m/nofp/crt0.o

.flash_begin    0x10000000        0x0
                0x10000000                        __flash_binary_start = .

.boot2          0x10000000      0x100
                0x10000000                        __boot2_start__ = .
 *(.boot2)
 .boot2         0x10000000      0x100 pico-sdk/src/rp2040/boot_stage2/CMakeFiles/bs2_default_library.dir/bs2_default_padded_checksummed.S.o
                0x10000100                        __boot2_end__ = .
                0x00000001                        ASSERT (((__boot2_end__ - __boot2_start__) == 0x100), ERROR: Pico second stage bootloader must be 256 bytes in size)

.text           0x10000100     0x2824
                0x10000100                        __logical_binary_start = .
 *(.vectors)
 .vectors       0x10000100       0xd4 CMakeFiles/pico_tas_playback.dir/Users/adam/pico-sdk/src/rp2_common/pico_crt0/crt0.S.o
                0x10000100                __VECTOR_TABLE
                0x10000100                __vectors
                0x100001c0                isr_irq13
                0x100001c0                isr_irq27
                0x100001c0                isr_irq31
                0x100001c0                isr_irq5
                0x100001c0                isr_irq11
                0x100001c0                isr_irq23
                0x100001c0                isr_irq18
                0x100001c0                isr_irq9
                0x100001c0                __unhandled_user_irq
                0x100001c0                isr_irq25
                0x100001c0                isr_irq4
                0x100001c0                isr_irq16
                0x100001c0                isr_irq29
                0x100001c0                isr_irq26
                0x100001c0                isr_irq3
                0x100001c0                isr_irq12
                0x100001c0                isr_irq30
                0x100001c0                isr_irq28
                0x100001c0                isr_irq19
                0x100001c0                isr_irq0
                0x100001c0                isr_irq6
                0x100001c0                isr_irq22
                0x100001c0                isr_irq17
                0x100001c0                isr_irq14
                0x100001c0                __vectors_end
                0x100001c0                __default_isrs_start
                0x100001c0                isr_irq2
                0x100001c0                isr_irq10
                0x100001c0                isr_irq8
                0x100001c0                isr_irq24
                0x100001c0                isr_irq1
                0x100001c0                isr_irq7
                0x100001c0                isr_irq21
                0x100001c0                isr_irq20
                0x100001c0                isr_irq15
                0x100001c6                unhandled_user_irq_num_in_r0
                0x100001c8                isr_invalid
                0x100001ca                isr_nmi
                0x100001cc                isr_hardfault
                0x100001ce                isr_svcall
                0x100001d0                isr_pendsv
                0x100001d2                isr_systick
                0x100001d4                __default_isrs_end
 *(.binary_info_header)
 .binary_info_header
                0x100001d4       0x14 CMakeFiles/pico_tas_playback.dir/Users/adam/pico-sdk/src/rp2_common/pico_crt0/crt0.S.o
                0x100001e8                        __binary_info_header_end = .
 *(.embedded_block)
                0x100001e8                        __embedded_block_end = .
 *(.reset)
 .reset         0x100001e8       0x9c CMakeFiles/pico_tas_playback.dir/Users/adam/pico-sdk/src/rp2_common/pico_crt0/crt0.S.o
                0x100001e8                _entry_point
 *(.init)
 .init          0x10000284        0x4 /Applications/ArmGNUToolchain/14.3.rel1/arm-none-eabi/bin/../lib/gcc/arm-none-eabi/14.3.1/thumb/v6-m/nofp/crti.o
                0x10000284                _init
 *(EXCLUDE_FILE(*libm.a: *libc.a:*lib_a-mem*.o *libgcc.a:) .text*)
 .text.register_tm_clones
                0x10000288       0x28 /Applications/ArmGNUToolchain/14.3.rel1/arm-none-eabi/bin/../lib/gcc/arm-none-eabi/14.3.1/thumb/v6-m/nofp/crtbegin.o
 .text.frame_dummy
                0x100002b0       0x24 /Applications/ArmGNUToolchain/14.3.rel1/arm-none-eabi/bin/../lib/gcc/arm-none-eabi/14.3.1/thumb/v6-m/nofp/crtbegin.o
 .text.startup.main
                0x100002d4      0x444 CMakeFiles/pico_tas_playback.dir/src/main.cpp.o
                0x100002d4                main
 .text.startup._GLOBAL__sub_I_g_config
                0x10000718       0x14 CMakeFiles/pico_tas_playback.dir/src/main.cpp.o
 .text._ZN12ScriptReaderC2EPKh
                0x1000072c       0x8c CMakeFiles/pico_tas_playback.dir/src/ScriptReader.cpp.o
                0x1000072c                ScriptReader::ScriptReader(unsigned char const*)
                0x1000072c                ScriptReader::ScriptReader(unsigned char const*)
 .text._ZN12ScriptReader9CalcFrameEt
                0x100007b8       0xb8 CMakeFiles/pico_tas_playback.dir/src/ScriptReader.cpp.o
                0x100007b8                ScriptReader::CalcFrame(unsigned short)
 .text.gpio_set_function
                0x10000870       0x34 CMakeFiles/pico_tas_playback.dir/Users/adam/pico-sdk/src/rp2_common/hardware_gpio/gpio.c.o
                0x10000870                gpio_set_function
 .text.gpio_set_pulls
                0x100008a4       0x28 CMakeFiles/pico_tas_playback.dir/Users/adam/pico-sdk/src/rp2_common/hardware_gpio/gpio.c.o
                0x100008a4                gpio_set_pulls
 .text.gpio_init
                0x100008cc       0x40 CMakeFiles/pico_tas_playback.dir/Users/adam/pico-sdk/src/rp2_common/hardware_gpio/gpio.c.o
                0x100008cc                gpio_init
 .text.panic    0x1000090c       0x30 CMakeFiles/pico_tas_playback.dir/Users/adam/pico-sdk/src/rp2_common/pico_platform_panic/panic.c.o
                0x1000090c                panic
 .text.hw_claim_lock
                0x1000093c       0x18 CMakeFiles/pico_tas_playback.dir/Users/adam/pico-sdk/src/common/hardware_claim/claim.c.o
                0x1000093c                hw_claim_lock
 .text.hw_claim_unlock
                0x10000954       0x14 CMakeFiles/pico_tas_playback.dir/Users/adam/pico-sdk/src/common/hardware_claim/claim.c.o
                0x10000954                hw_claim_unlock
 .text.hw_claim_or_assert
                0x10000968       0x44 CMakeFiles/pico_tas_playback.dir/Users/adam/pico-sdk/src/common/hardware_claim/claim.c.o
                0x10000968                hw_claim_or_assert
 .text.next_striped_spin_lock_num
                0x100009ac       0x18 CMakeFiles/pico_tas_playback.dir/Users/adam/pico-sdk/src/rp2_common/hardware_sync/sync.c.o
                0x100009ac                next_striped_spin_lock_num
 .text.spin_locks_reset
                0x100009c4       0x1c CMakeFiles/pico_tas_playback.dir/Users/adam/pico-sdk/src/rp2_common/hardware_sync_spin_lock/sync_spin_lock.c.o
                0x100009c4                spin_locks_reset
 .text.runtime_init_per_core_irq_priorities
                0x100009e0       0x24 CMakeFiles/pico_tas_playback.dir/Users/adam/pico-sdk/src/rp2_common/hardware_irq/irq.c.o
                0x100009e0                runtime_init_per_core_irq_priorities
 .text.irq_set_enabled
                0x10000a04       0x24 CMakeFiles/pico_tas_playback.dir/Users/adam/pico-sdk/src/rp2_common/hardware_irq/irq.c.o
                0x10000a04                irq_set_enabled
 .text.irq_set_exclusive_handler
                0x10000a28       0x54 CMakeFiles/pico_tas_playback.dir/Users/adam/pico-sdk/src/rp2_common/hardware_irq/irq.c.o
                0x10000a28                irq_set_exclusive_handler
 .text.lock_init
                0x10000a7c       0x10 CMakeFiles/pico_tas_playback.dir/Users/adam/pico-sdk/src/common/pico_sync/lock_core.c.o
                0x10000a7c                lock_init
 .text.runtime_init_mutex
                0x10000a8c       0x50 CMakeFiles/pico_tas_playback.dir/Users/adam/pico-sdk/src/common/pico_sync/mutex.c.o
                0x10000a8c                runtime_init_mutex
 .text.sleep_until_callback
                0x10000adc       0x30 CMakeFiles/pico_tas_playback.dir/Users/adam/pico-sdk/src/common/pico_time/time.c.o
 .text.alarm_pool_irq_handler
                0x10000b0c      0x2f8 CMakeFiles/pico_tas_playback.dir/Users/adam/pico-sdk/src/common/pico_time/time.c.o
 .text.runtime_init_default_alarm_pool
                0x10000e04       0xdc CMakeFiles/pico_tas_playback.dir/Users/adam/pico-sdk/src/common/pico_time/time.c.o
                0x10000e04                runtime_init_default_alarm_pool
 .text.alarm_pool_add_alarm_at_force_in_context
                0x10000ee0       0xb0 CMakeFiles/pico_tas_playback.dir/Users/adam/pico-sdk/src/common/pico_time/time.c.o
                0x10000ee0                alarm_pool_add_alarm_at_force_in_context
 .text.alarm_pool_cancel_alarm
                0x10000f90       0x74 CMakeFiles/pico_tas_playback.dir/Users/adam/pico-sdk/src/common/pico_time/time.c.o
                0x10000f90                alarm_pool_cancel_alarm
 .text.sleep_us
                0x10001004       0xec CMakeFiles/pico_tas_playback.dir/Users/adam/pico-sdk/src/common/pico_time/time.c.o
                0x10001004                sleep_us
 .text.best_effort_wfe_or_timeout
                0x100010f0      0x10c CMakeFiles/pico_tas_playback.dir/Users/adam/pico-sdk/src/common/pico_time/time.c.o
                0x100010f0                best_effort_wfe_or_timeout
 .text.timer_hardware_alarm_claim
                0x100011fc       0x14 CMakeFiles/pico_tas_playback.dir/Users/adam/pico-sdk/src/rp2_common/hardware_timer/timer.c.o
                0x100011fc                timer_hardware_alarm_claim
 .text.timer_time_us_64
                0x10001210       0x10 CMakeFiles/pico_tas_playback.dir/Users/adam/pico-sdk/src/rp2_common/hardware_timer/timer.c.o
                0x10001210                timer_time_us_64
 .text.time_us_64
                0x10001220       0x14 CMakeFiles/pico_tas_playback.dir/Users/adam/pico-sdk/src/rp2_common/hardware_timer/timer.c.o
                0x10001220                time_us_64
 .text.busy_wait_until
                0x10001234       0x20 CMakeFiles/pico_tas_playback.dir/Users/adam/pico-sdk/src/rp2_common/hardware_timer/timer.c.o
                0x10001234                busy_wait_until
 .text.clock_configure_int_divider
                0x10001254       0xf4 CMakeFiles/pico_tas_playback.dir/Users/adam/pico-sdk/src/rp2_common/hardware_clocks/clocks.c.o
                0x10001254                clock_configure_int_divider
 .text.clock_configure_undivided
                0x10001348       0xe8 CMakeFiles/pico_tas_playback.dir/Users/adam/pico-sdk/src/rp2_common/hardware_clocks/clocks.c.o
                0x10001348                clock_configure_undivided
 .text.clock_get_hz
                0x10001430        0xc CMakeFiles/pico_tas_playback.dir/Users/adam/pico-sdk/src/rp2_common/hardware_clocks/clocks.c.o
                0x10001430                clock_get_hz
 .text.pll_init
                0x1000143c       0xa4 CMakeFiles/pico_tas_playback.dir/Users/adam/pico-sdk/src/rp2_common/hardware_pll/pll.c.o
                0x1000143c                pll_init
 .text.tick_start
                0x100014e0       0x10 CMakeFiles/pico_tas_playback.dir/Users/adam/pico-sdk/src/rp2_common/hardware_ticks/ticks.c.o
                0x100014e0                tick_start
 .text.rom_func_lookup
                0x100014f0       0x10 CMakeFiles/pico_tas_playback.dir/Users/adam/pico-sdk/src/rp2_common/pico_bootrom/bootrom.c.o
                0x100014f0                rom_func_lookup
 .text.rom_data_lookup
                0x10001500       0x10 CMakeFiles/pico_tas_playback.dir/Users/adam/pico-sdk/src/rp2_common/pico_bootrom/bootrom.c.o
                0x10001500                rom_data_lookup
 .text.rom_funcs_lookup
                0x10001510       0x44 CMakeFiles/pico_tas_playback.dir/Users/adam/pico-sdk/src/rp2_common/pico_bootrom/bootrom.c.o
                0x10001510                rom_funcs_lookup
 .text.xosc_init
                0x10001554       0x28 CMakeFiles/pico_tas_playback.dir/Users/adam/pico-sdk/src/rp2_common/hardware_xosc/xosc.c.o
                0x10001554                xosc_init
 .text.first_per_core_initializer
                0x1000157c        0x4 CMakeFiles/pico_tas_playback.dir/Users/adam/pico-sdk/src/rp2_common/pico_runtime/runtime.c.o
 .text.hard_assertion_failure
                0x10001580        0xc CMakeFiles/pico_tas_playback.dir/Users/adam/pico-sdk/src/rp2_common/pico_runtime/runtime.c.o
                0x10001580                hard_assertion_failure
 .text.runtime_run_initializers
                0x1000158c       0x28 CMakeFiles/pico_tas_playback.dir/Users/adam/pico-sdk/src/rp2_common/pico_runtime/runtime.c.o
                0x1000158c                runtime_run_initializers
 .text.runtime_init_early_resets
                0x100015b4       0x2c CMakeFiles/pico_tas_playback.dir/Users/adam/pico-sdk/src/rp2_common/pico_runtime_init/runtime_init.c.o
                0x100015b4                runtime_init_early_resets
 .text.runtime_init_usb_power_down
                0x100015e0       0x1c CMakeFiles/pico_tas_playback.dir/Users/adam/pico-sdk/src/rp2_common/pico_runtime_init/runtime_init.c.o
                0x100015e0                runtime_init_usb_power_down
 .text.runtime_init_post_clock_resets
                0x100015fc       0x20 CMakeFiles/pico_tas_playback.dir/Users/adam/pico-sdk/src/rp2_common/pico_runtime_init/runtime_init.c.o
                0x100015fc                runtime_init_post_clock_resets
 .text.runtime_init_rp2040_gpio_ie_disable
                0x1000161c       0x14 CMakeFiles/pico_tas_playback.dir/Users/adam/pico-sdk/src/rp2_common/pico_runtime_init/runtime_init.c.o
                0x1000161c                runtime_init_rp2040_gpio_ie_disable
 .text.runtime_init_spin_locks_reset
                0x10001630        0x8 CMakeFiles/pico_tas_playback.dir/Users/adam/pico-sdk/src/rp2_common/pico_runtime_init/runtime_init.c.o
                0x10001630                runtime_init_spin_locks_reset
 .text.runtime_init_install_ram_vector_table
                0x10001638       0xb4 CMakeFiles/pico_tas_playback.dir/Users/adam/pico-sdk/src/rp2_common/pico_runtime_init/runtime_init.c.o
                0x10001638                runtime_init_install_ram_vector_table
 .text.runtime_init_clocks
                0x100016ec       0xd8 CMakeFiles/pico_tas_playback.dir/Users/adam/pico-sdk/src/rp2_common/pico_runtime_init/runtime_init_clocks.c.o
                0x100016ec                runtime_init_clocks
 .text          0x100017c4       0x10 CMakeFiles/pico_tas_playback.dir/Users/adam/pico-sdk/src/rp2_common/pico_bit_ops/bit_ops_aeabi.S.o
 .text.__wrap___aeabi_uidiv
                0x100017d4       0x4c CMakeFiles/pico_tas_playback.dir/Users/adam/pico-sdk/src/rp2_common/pico_divider/divider_hardware.S.o
                0x100017d4                __wrap___aeabi_uidiv
                0x100017d4                __wrap___aeabi_uidivmod
                0x100017d4                div_u32u32
                0x100017d4                divmod_u32u32
                0x100017dc                divmod_u32u32_unsafe
                0x10001804                divmod_u32u32_savestate
 .text.__aeabi_double_init
                0x10001820       0xa4 CMakeFiles/pico_tas_playback.dir/Users/adam/pico-sdk/src/rp2_common/pico_double/double_init_rom_rp2040.c.o
                0x10001820                __aeabi_double_init
 .text.double_table_shim_on_use_helper
                0x100018c4       0x2c CMakeFiles/pico_tas_playback.dir/Users/adam/pico-sdk/src/rp2_common/pico_double/double_v1_rom_shim_rp2040.S.o
                0x100018c4                double_table_shim_on_use_helper
 .text.__wrap___aeabi_farithmetic
                0x100018f0       0x48 CMakeFiles/pico_tas_playback.dir/Users/adam/pico-sdk/src/rp2_common/pico_float/float_aeabi_rp2040.S.o
                0x100018f0                __wrap___aeabi_frsub
                0x100018f6                __wrap___aeabi_fsub
                0x100018fc                __wrap___aeabi_fadd
                0x10001902                __wrap___aeabi_fdiv
                0x1000192a                __wrap___aeabi_fmul
 .text.__wrap___aeabi_ui2f
                0x10001938        0xa CMakeFiles/pico_tas_playback.dir/Users/adam/pico-sdk/src/rp2_common/pico_float/float_aeabi_rp2040.S.o
                0x10001938                uint2float
                0x10001938                __wrap___aeabi_ui2f
 *fill*         0x10001942        0x2 
 .text.__wrap___aeabi_i2f
                0x10001944       0x44 CMakeFiles/pico_tas_playback.dir/Users/adam/pico-sdk/src/rp2_common/pico_float/float_aeabi_rp2040.S.o
                0x10001944                int2float
                0x10001944                __wrap___aeabi_i2f
 .text.__wrap___aeabi_f2uiz
                0x10001988        0xc CMakeFiles/pico_tas_playback.dir/Users/adam/pico-sdk/src/rp2_common/pico_float/float_aeabi_rp2040.S.o
                0x10001988                float2uint
                0x10001988                float2uint_z
                0x10001988                __wrap___aeabi_f2uiz
 .text.__aeabi_float_init
                0x10001994       0x64 CMakeFiles/pico_tas_playback.dir/Users/adam/pico-sdk/src/rp2_common/pico_float/float_init_rom_rp2040.c.o
                0x10001994                __aeabi_float_init
 .text.float_table_shim_on_use_helper
                0x100019f8       0x2c CMakeFiles/pico_tas_playback.dir/Users/adam/pico-sdk/src/rp2_common/pico_float/float_v1_rom_shim_rp2040.S.o
                0x100019f8                float_table_shim_on_use_helper
 .text.__wrap_malloc
                0x10001a24       0x24 CMakeFiles/pico_tas_playback.dir/Users/adam/pico-sdk/src/rp2_common/pico_malloc/malloc.c.o
                0x10001a24                __wrap_malloc
 .text          0x10001a48       0x10 CMakeFiles/pico_tas_playback.dir/Users/adam/pico-sdk/src/rp2_common/pico_mem_ops/mem_ops_aeabi.S.o
                0x10001a48                __aeabi_mem_init
 .text.memcpy   0x10001a58        0xc CMakeFiles/pico_tas_playback.dir/Users/adam/pico-sdk/src/rp2_common/pico_mem_ops/mem_ops_aeabi.S.o
                0x10001a58                __wrap___aeabi_memcpy
                0x10001a58                __wrap_memcpy
 .text._Znaj    0x10001a64        0x8 CMakeFiles/pico_tas_playback.dir/Users/adam/pico-sdk/src/rp2_common/pico_cxx_options/new_delete.cpp.o
                0x10001a64                operator new[](unsigned int)
 .text._out_char
                0x10001a6c       0x10 CMakeFiles/pico_tas_playback.dir/Users/adam/pico-sdk/src/rp2_common/pico_printf/printf.c.o
 .text.weak_raw_vprintf
                0x10001a7c       0x30 CMakeFiles/pico_tas_playback.dir/Users/adam/pico-sdk/src/rp2_common/pico_printf/printf.c.o
                0x10001a7c                weak_raw_vprintf
 .text._exit    0x10001aac        0x4 CMakeFiles/pico_tas_playback.dir/Users/adam/pico-sdk/src/rp2_common/pico_clib_interface/newlib_interface.c.o
                0x10001aac                _exit
 .text._sbrk    0x10001ab0       0x34 CMakeFiles/pico_tas_playback.dir/Users/adam/pico-sdk/src/rp2_common/pico_clib_interface/newlib_interface.c.o
                0x10001ab0                _sbrk
 .text.exit     0x10001ae4        0x8 CMakeFiles/pico_tas_playback.dir/Users/adam/pico-sdk/src/rp2_common/pico_clib_interface/newlib_interface.c.o
                0x10001ae4                exit
 .text.runtime_init
                0x10001aec       0x2c CMakeFiles/pico_tas_playback.dir/Users/adam/pico-sdk/src/rp2_common/pico_clib_interface/newlib_interface.c.o
                0x10001aec                runtime_init
 .text.stdio_out_chars_no_crlf
                0x10001b18       0x10 CMakeFiles/pico_tas_playback.dir/Users/adam/pico-sdk/src/rp2_common/pico_stdio/stdio.c.o
 .text.stdio_out_chars_crlf
                0x10001b28       0xb0 CMakeFiles/pico_tas_playback.dir/Users/adam/pico-sdk/src/rp2_common/pico_stdio/stdio.c.o
 .text.stdio_put_string
                0x10001bd8       0xfc CMakeFiles/pico_tas_playback.dir/Users/adam/pico-sdk/src/rp2_common/pico_stdio/stdio.c.o
                0x10001bd8                stdio_put_string
 .text.__wrap_putchar
                0x10001cd4       0x94 CMakeFiles/pico_tas_playback.dir/Users/adam/pico-sdk/src/rp2_common/pico_stdio/stdio.c.o
                0x10001cd4                stdio_putchar
                0x10001cd4                __wrap_putchar
 .text.__wrap_puts
                0x10001d68       0x3c CMakeFiles/pico_tas_playback.dir/Users/adam/pico-sdk/src/rp2_common/pico_stdio/stdio.c.o
                0x10001d68                __wrap_puts
                0x10001d68                stdio_puts
 .text.add_program_at_offset
                0x10001da4       0xa4 CMakeFiles/pico_tas_playback.dir/Users/adam/pico-sdk/src/rp2_common/hardware_pio/pio.c.o
 .text.pio_add_program
                0x10001e48       0x74 CMakeFiles/pico_tas_playback.dir/Users/adam/pico-sdk/src/rp2_common/hardware_pio/pio.c.o
                0x10001e48                pio_add_program
 .text.pio_sm_init
                0x10001ebc       0x9c CMakeFiles/pico_tas_playback.dir/Users/adam/pico-sdk/src/rp2_common/hardware_pio/pio.c.o
                0x10001ebc                pio_sm_init
 .text.malloc   0x10001f58       0x14 /Applications/ArmGNUToolchain/14.3.rel1/arm-none-eabi/bin/../lib/gcc/arm-none-eabi/14.3.1/../../../../arm-none-eabi/lib/thumb/v6-m/nofp/libg.a(libc_a-malloc.o)
                0x10001f58                malloc
 .text._malloc_r
                0x10001f6c      0x5cc /Applications/ArmGNUToolchain/14.3.rel1/arm-none-eabi/bin/../lib/gcc/arm-none-eabi/14.3.1/../../../../arm-none-eabi/lib/thumb/v6-m/nofp/libg.a(libc_a-mallocr.o)
                0x10001f6c                _malloc_r
 .text.__malloc_lock
                0x10002538       0x10 /Applications/ArmGNUToolchain/14.3.rel1/arm-none-eabi/bin/../lib/gcc/arm-none-eabi/14.3.1/../../../../arm-none-eabi/lib/thumb/v6-m/nofp/libg.a(libc_a-mlock.o)
                0x10002538                __malloc_lock
 .text.__malloc_unlock
                0x10002548       0x10 /Applications/ArmGNUToolchain/14.3.rel1/arm-none-eabi/bin/../lib/gcc/arm-none-eabi/14.3.1/../../../../arm-none-eabi/lib/thumb/v6-m/nofp/libg.a(libc_a-mlock.o)
                0x10002548                __malloc_unlock
 .text._sbrk_r  0x10002558       0x24 /Applications/ArmGNUToolchain/14.3.rel1/arm-none-eabi/bin/../lib/gcc/arm-none-eabi/14.3.1/../../../../arm-none-eabi/lib/thumb/v6-m/nofp/libg.a(libc_a-sbrkr.o)
                0x10002558                _sbrk_r
 .text.__errno  0x1000257c        0xc /Applications/ArmGNUToolchain/14.3.rel1/arm-none-eabi/bin/../lib/gcc/arm-none-eabi/14.3.1/../../../../arm-none-eabi/lib/thumb/v6-m/nofp/libg.a(libc_a-errno.o)
                0x1000257c                __errno
 .text.sysconf  0x10002588       0x1c /Applications/ArmGNUToolchain/14.3.rel1/arm-none-eabi/bin/../lib/gcc/arm-none-eabi/14.3.1/../../../../arm-none-eabi/lib/thumb/v6-m/nofp/libg.a(libc_a-sysconf.o)
                0x10002588                sysconf
 .text.__retarget_lock_acquire_recursive
                0x100025a4        0x4 /Applications/ArmGNUToolchain/14.3.rel1/arm-none-eabi/bin/../lib/gcc/arm-none-eabi/14.3.1/../../../../arm-none-eabi/lib/thumb/v6-m/nofp/libg.a(libc_a-lock.o)
                0x100025a4                __retarget_lock_acquire_recursive
 .text.__retarget_lock_release_recursive
                0x100025a8        0x4 /Applications/ArmGNUToolchain/14.3.rel1/arm-none-eabi/bin/../lib/gcc/arm-none-eabi/14.3.1/../../../../arm-none-eabi/lib/thumb/v6-m/nofp/libg.a(libc_a-lock.o)
                0x100025a8                __retarget_lock_release_recursive
 .text.strlen   0x100025ac       0x5c /Applications/ArmGNUToolchain/14.3.rel1/arm-none-eabi/bin/../lib/gcc/arm-none-eabi/14.3.1/../../../../arm-none-eabi/lib/thumb/v6-m/nofp/libg.a(libc_a-strlen-stub.o)
                0x100025ac                strlen
 .text._malloc_trim_r
                0x10002608       0xb4 /Applications/ArmGNUToolchain/14.3.rel1/arm-none-eabi/bin/../lib/gcc/arm-none-eabi/14.3.1/../../../../arm-none-eabi/lib/thumb/v6-m/nofp/libg.a(libc_a-freer.o)
                0x10002608                _malloc_trim_r
 .text._free_r  0x100026bc      0x1f0 /Applications/ArmGNUToolchain/14.3.rel1/arm-none-eabi/bin/../lib/gcc/arm-none-eabi/14.3.1/../../../../arm-none-eabi/lib/thumb/v6-m/nofp/libg.a(libc_a-freer.o)
                0x100026bc                _free_r
 *(.fini)
 .fini          0x100028ac        0x4 /Applications/ArmGNUToolchain/14.3.rel1/arm-none-eabi/bin/../lib/gcc/arm-none-eabi/14.3.1/thumb/v6-m/nofp/crti.o
                0x100028ac                _fini
 .fini.__stub   0x100028b0       0x30 linker stubs
 *crtbegin.o(.ctors)
 *crtbegin?.o(.ctors)
 *(EXCLUDE_FILE(*crtend.o *crtend?.o) .ctors)
 *(SORT_BY_NAME(.ctors.*))
 *(.ctors)
 *crtbegin.o(.dtors)
 *crtbegin?.o(.dtors)
 *(EXCLUDE_FILE(*crtend.o *crtend?.o) .dtors)
 *(SORT_BY_NAME(.dtors.*))
 *(.dtors)
                0x100028e0                        . = ALIGN (0x4)
                0x100028e0                        PROVIDE (__preinit_array_start = .)
 *(SORT_BY_NAME(.preinit_array.*))
 .preinit_array.00100
                0x100028e0        0x4 CMakeFiles/pico_tas_playback.dir/Users/adam/pico-sdk/src/rp2_common/pico_runtime_init/runtime_init.c.o
                0x100028e0                __pre_init_runtime_init_early_resets
 .preinit_array.00101
                0x100028e4        0x4 CMakeFiles/pico_tas_playback.dir/Users/adam/pico-sdk/src/rp2_common/pico_runtime_init/runtime_init.c.o
                0x100028e4                __pre_init_runtime_init_usb_power_down
 .preinit_array.00275
                0x100028e8        0x4 CMakeFiles/pico_tas_playback.dir/Users/adam/pico-sdk/src/rp2_common/pico_bit_ops/bit_ops_aeabi.S.o
 .preinit_array.00300
                0x100028ec        0x4 CMakeFiles/pico_tas_playback.dir/Users/adam/pico-sdk/src/rp2_common/pico_mem_ops/mem_ops_aeabi.S.o
 .preinit_array.00350
                0x100028f0        0x4 CMakeFiles/pico_tas_playback.dir/Users/adam/pico-sdk/src/rp2_common/pico_double/double_aeabi_rp2040.S.o
 .preinit_array.00350
                0x100028f4        0x4 CMakeFiles/pico_tas_playback.dir/Users/adam/pico-sdk/src/rp2_common/pico_float/float_aeabi_rp2040.S.o
 .preinit_array.00500
                0x100028f8        0x4 CMakeFiles/pico_tas_playback.dir/Users/adam/pico-sdk/src/rp2_common/pico_runtime_init/runtime_init.c.o
                0x100028f8                __pre_init_runtime_init_clocks
 .preinit_array.00600
                0x100028fc        0x4 CMakeFiles/pico_tas_playback.dir/Users/adam/pico-sdk/src/rp2_common/pico_runtime_init/runtime_init.c.o
                0x100028fc                __pre_init_runtime_init_post_clock_resets
 .preinit_array.00700
                0x10002900        0x4 CMakeFiles/pico_tas_playback.dir/Users/adam/pico-sdk/src/rp2_common/pico_runtime_init/runtime_init.c.o
                0x10002900                __pre_init_runtime_init_rp2040_gpio_ie_disable
 .preinit_array.01000
                0x10002904        0x4 CMakeFiles/pico_tas_playback.dir/Users/adam/pico-sdk/src/rp2_common/pico_runtime_init/runtime_init.c.o
                0x10002904                __pre_init_runtime_init_spin_locks_reset
 .preinit_array.01100
                0x10002908        0x4 CMakeFiles/pico_tas_playback.dir/Users/adam/pico-sdk/src/common/pico_sync/mutex.c.o
                0x10002908                __pre_init_runtime_init_mutex
 .preinit_array.10080
                0x1000290c        0x4 CMakeFiles/pico_tas_playback.dir/Users/adam/pico-sdk/src/rp2_common/pico_runtime_init/runtime_init.c.o
                0x1000290c                __pre_init_runtime_init_install_ram_vector_table
 .preinit_array.11000
                0x10002910        0x4 CMakeFiles/pico_tas_playback.dir/Users/adam/pico-sdk/src/common/pico_time/time.c.o
                0x10002910                __pre_init_runtime_init_default_alarm_pool
 .preinit_array.YYYYY
                0x10002914        0x4 CMakeFiles/pico_tas_playback.dir/Users/adam/pico-sdk/src/rp2_common/pico_runtime/runtime.c.o
                0x10002914                __pre_init_first_per_core_initializer
 .preinit_array.ZZZZZ.01200
                0x10002918        0x4 CMakeFiles/pico_tas_playback.dir/Users/adam/pico-sdk/src/rp2_common/hardware_irq/irq.c.o
                0x10002918                __pre_init_runtime_init_per_core_irq_priorities
 *(.preinit_array)
                0x1000291c                        PROVIDE (__preinit_array_end = .)
                0x1000291c                        . = ALIGN (0x4)
                0x1000291c                        PROVIDE (__init_array_start = .)
 *(SORT_BY_NAME(.init_array.*))
 *(.init_array)
 .init_array    0x1000291c        0x4 /Applications/ArmGNUToolchain/14.3.rel1/arm-none-eabi/bin/../lib/gcc/arm-none-eabi/14.3.1/thumb/v6-m/nofp/crtbegin.o
 .init_array    0x10002920        0x4 CMakeFiles/pico_tas_playback.dir/src/main.cpp.o
                0x10002924                        PROVIDE (__init_array_end = .)
                0x10002924                        . = ALIGN (0x4)
                [!provide]                        PROVIDE (__fini_array_start = .)
 *(SORT_BY_NAME(.fini_array.*))
 *(.fini_array)
                [!provide]                        PROVIDE (__fini_array_end = .)
 *(.eh_frame*)
 .eh_frame      0x10002924        0x0 /Applications/ArmGNUToolchain/14.3.rel1/arm-none-eabi/bin/../lib/gcc/arm-none-eabi/14.3.1/thumb/v6-m/nofp/crtbegin.o
                0x10002924                        . = ALIGN (0x4)

.glue_7         0x10002924        0x0
 .glue_7        0x10002924        0x0 linker stubs

.glue_7t        0x10002924        0x0
 .glue_7t       0x10002924        0x0 linker stubs

.vfp11_veneer   0x10002924        0x0
 .vfp11_veneer  0x10002924        0x0 linker stubs

.v4_bx          0x10002924        0x0
 .v4_bx         0x10002924        0x0 linker stubs

.iplt           0x10002924        0x0
 .iplt          0x10002924        0x0 /Applications/ArmGNUToolchain/14.3.rel1/arm-none-eabi/bin/../lib/gcc/arm-none-eabi/14.3.1/thumb/v6-m/nofp/crtbegin.o

.rodata         0x10002924      0x13c
 *(EXCLUDE_FILE(*libm.a: *libc.a:*lib_a-mem*.o *libgcc.a:) .rodata*)
 .rodata._ZL12save_program
                0x10002924        0x8 CMakeFiles/pico_tas_playback.dir/src/main.cpp.o
 .rodata._ZL25save_program_instructions
                0x1000292c       0x22 CMakeFiles/pico_tas_playback.dir/src/main.cpp.o
 *fill*         0x1000294e        0x2 
 .rodata        0x10002950        0xa CMakeFiles/pico_tas_playback.dir/src/main.cpp.o
 *fill*         0x1000295a        0x2 
 .rodata._ZL20s_defaultGCPadStatus
                0x1000295c        0x8 CMakeFiles/pico_tas_playback.dir/src/ScriptReader.cpp.o
 .rodata        0x10002964        0x8 CMakeFiles/pico_tas_playback.dir/src/ScriptReader.cpp.o
 .rodata.panic.str1.4
                0x1000296c       0x9c CMakeFiles/pico_tas_playback.dir/Users/adam/pico-sdk/src/rp2_common/pico_platform_panic/panic.c.o
                                 0x12 (size before relaxing)
 .rodata.timer_hardware_alarm_claim.str1.4
                0x10002a08       0x22 CMakeFiles/pico_tas_playback.dir/Users/adam/pico-sdk/src/rp2_common/hardware_timer/timer.c.o
 .rodata.hard_assertion_failure.str1.4
                0x10002a08        0xc CMakeFiles/pico_tas_playback.dir/Users/adam/pico-sdk/src/rp2_common/pico_runtime/runtime.c.o
 .rodata.__wrap_malloc.str1.4
                0x10002a08        0xe CMakeFiles/pico_tas_playback.dir/Users/adam/pico-sdk/src/rp2_common/pico_malloc/malloc.c.o
 .rodata.str1.4
                0x10002a08       0x48 CMakeFiles/pico_tas_playback.dir/Users/adam/pico-sdk/src/rp2_common/pico_standard_binary_info/standard_binary_info.c.o
 .rodata.__bi_84
                0x10002a08        0xc CMakeFiles/pico_tas_playback.dir/Users/adam/pico-sdk/src/rp2_common/pico_standard_binary_info/standard_binary_info.c.o
 .rodata.__bi_78
                0x10002a14        0xc CMakeFiles/pico_tas_playback.dir/Users/adam/pico-sdk/src/rp2_common/pico_standard_binary_info/standard_binary_info.c.o
 .rodata.__bi_54
                0x10002a20        0xc CMakeFiles/pico_tas_playback.dir/Users/adam/pico-sdk/src/rp2_common/pico_standard_binary_info/standard_binary_info.c.o
 .rodata.__bi_48
                0x10002a2c        0xc CMakeFiles/pico_tas_playback.dir/Users/adam/pico-sdk/src/rp2_common/pico_standard_binary_info/standard_binary_info.c.o
 .rodata.__bi_42
                0x10002a38        0xc CMakeFiles/pico_tas_playback.dir/Users/adam/pico-sdk/src/rp2_common/pico_standard_binary_info/standard_binary_info.c.o
 .rodata.__bi_34
                0x10002a44        0xc CMakeFiles/pico_tas_playback.dir/Users/adam/pico-sdk/src/rp2_common/pico_standard_binary_info/standard_binary_info.c.o
 .rodata.__bi_26
                0x10002a50        0xc CMakeFiles/pico_tas_playback.dir/Users/adam/pico-sdk/src/rp2_common/pico_standard_binary_info/standard_binary_info.c.o
 .rodata.crlf_str.0
                0x10002a5c        0x2 CMakeFiles/pico_tas_playback.dir/Users/adam/pico-sdk/src/rp2_common/pico_stdio/stdio.c.o
                0x10002a60                        . = ALIGN (0x4)
 *fill*         0x10002a5e        0x2 
 *(SORT_BY_ALIGNMENT(SORT_BY_NAME(.flashdata*)))
                0x10002a60                        . = ALIGN (0x4)

.bindata        0x10002a60       0x70
 .bindata       0x10002a60       0x70 CMakeFiles/pico_tas_playback.dir/src/file.S.o
                0x10002a60                g_script

.ARM.extab
 *(.ARM.extab* .gnu.linkonce.armextab.*)
                0x10002ad0                        __exidx_start = .

.ARM.exidx
 *(.ARM.exidx* .gnu.linkonce.armexidx.*)
                0x10002ad0                        __exidx_end = .
                0x10002ad0                        . = ALIGN (0x4)
                0x10002ad0                        __binary_info_start = .

.binary_info    0x10002ad0       0x1c
 *(.binary_info.keep.*)
 .binary_info.keep.__bi_ptr84
                0x10002ad0        0x4 CMakeFiles/pico_tas_playback.dir/Users/adam/pico-sdk/src/rp2_common/pico_standard_binary_info/standard_binary_info.c.o
 .binary_info.keep.__bi_ptr78
                0x10002ad4        0x4 CMakeFiles/pico_tas_playback.dir/Users/adam/pico-sdk/src/rp2_common/pico_standard_binary_info/standard_binary_info.c.o
 .binary_info.keep.__bi_ptr54
                0x10002ad8        0x4 CMakeFiles/pico_tas_playback.dir/Users/adam/pico-sdk/src/rp2_common/pico_standard_binary_info/standard_binary_info.c.o
 .binary_info.keep.__bi_ptr48
                0x10002adc        0x4 CMakeFiles/pico_tas_playback.dir/Users/adam/pico-sdk/src/rp2_common/pico_standard_binary_info/standard_binary_info.c.o
 .binary_info.keep.__bi_ptr42
                0x10002ae0        0x4 CMakeFiles/pico_tas_playback.dir/Users/adam/pico-sdk/src/rp2_common/pico_standard_binary_info/standard_binary_info.c.o
 .binary_info.keep.__bi_ptr34
                0x10002ae4        0x4 CMakeFiles/pico_tas_playback.dir/Users/adam/pico-sdk/src/rp2_common/pico_standard_binary_info/standard_binary_info.c.o
 .binary_info.keep.__bi_ptr26
                0x10002ae8        0x4 CMakeFiles/pico_tas_playback.dir/Users/adam/pico-sdk/src/rp2_common/pico_standard_binary_info/standard_binary_info.c.o
 *(.binary_info.*)
                0x10002aec                        __binary_info_end = .
                0x10002aec                        . = ALIGN (0x4)

.ram_vector_table
                0x20000000       0xc0
 *(.ram_vector_table)
 .ram_vector_table
                0x20000000       0xc0 CMakeFiles/pico_tas_playback.dir/Users/adam/pico-sdk/src/rp2_common/pico_runtime_init/runtime_init.c.o
                0x20000000                ram_vector_table

.uninitialized_data
                0x200000c0        0x0
                0x200000c0                        . = ALIGN (0x4)
 *(.uninitialized_data*)

.data           0x200000c0      0x740 load address 0x10002aec
                0x200000c0                        __data_start__ = .
 *(vtable)
 *(.time_critical*)
 .time_critical.mutex_try_enter_block_until
                0x200000c0       0x98 CMakeFiles/pico_tas_playback.dir/Users/adam/pico-sdk/src/common/pico_sync/mutex.c.o
                0x200000c0                mutex_try_enter_block_until
 .time_critical.mutex_exit
                0x20000158       0x28 CMakeFiles/pico_tas_playback.dir/Users/adam/pico-sdk/src/common/pico_sync/mutex.c.o
                0x20000158                mutex_exit
 *(.text*)
 .text          0x20000180        0x4 /Applications/ArmGNUToolchain/14.3.rel1/arm-none-eabi/bin/../lib/gcc/arm-none-eabi/14.3.1/thumb/v6-m/nofp/libgcc.a(_dvmd_tls.o)
                0x20000180                __aeabi_ldiv0
                0x20000180                __aeabi_idiv0
 *fill*         0x20000184        0x4 
 .text.__stub   0x20000188       0x10 linker stubs
                0x20000198                        . = ALIGN (0x4)
 *(.rodata*)
                0x20000198                        . = ALIGN (0x4)
 *(.data*)
 .data.striped_spin_lock_num
                0x20000198        0x1 CMakeFiles/pico_tas_playback.dir/Users/adam/pico-sdk/src/rp2_common/hardware_sync/sync.c.o
 *fill*         0x20000199        0x3 
 .data.default_alarm_pool
                0x2000019c       0x18 CMakeFiles/pico_tas_playback.dir/Users/adam/pico-sdk/src/common/pico_time/time.c.o
 *fill*         0x200001b4        0xc 
 .data.aeabi_bits_funcs
                0x200001c0       0x10 CMakeFiles/pico_tas_playback.dir/Users/adam/pico-sdk/src/rp2_common/pico_bit_ops/bit_ops_aeabi.S.o
                0x200001c0                aeabi_bits_funcs
                0x200001d0                aeabi_bits_funcs_end
 .data.aeabi_mem_funcs
                0x200001d0       0x10 CMakeFiles/pico_tas_playback.dir/Users/adam/pico-sdk/src/rp2_common/pico_mem_ops/mem_ops_aeabi.S.o
                0x200001d0                aeabi_mem_funcs
                0x200001e0                aeabi_mem_funcs_end
 .data.__malloc_sbrk_base
                0x200001e0        0x4 /Applications/ArmGNUToolchain/14.3.rel1/arm-none-eabi/bin/../lib/gcc/arm-none-eabi/14.3.1/../../../../arm-none-eabi/lib/thumb/v6-m/nofp/libg.a(libc_a-mallocr.o)
                0x200001e0                __malloc_sbrk_base
 .data.__malloc_trim_threshold
                0x200001e4        0x4 /Applications/ArmGNUToolchain/14.3.rel1/arm-none-eabi/bin/../lib/gcc/arm-none-eabi/14.3.1/../../../../arm-none-eabi/lib/thumb/v6-m/nofp/libg.a(libc_a-mallocr.o)
                0x200001e4                __malloc_trim_threshold
 .data.__malloc_av_
                0x200001e8      0x408 /Applications/ArmGNUToolchain/14.3.rel1/arm-none-eabi/bin/../lib/gcc/arm-none-eabi/14.3.1/../../../../arm-none-eabi/lib/thumb/v6-m/nofp/libg.a(libc_a-mallocr.o)
                0x200001e8                __malloc_av_
 .data._impure_ptr
                0x200005f0        0x4 /Applications/ArmGNUToolchain/14.3.rel1/arm-none-eabi/bin/../lib/gcc/arm-none-eabi/14.3.1/../../../../arm-none-eabi/lib/thumb/v6-m/nofp/libg.a(libc_a-impure.o)
                0x200005f0                _impure_ptr
 *fill*         0x200005f4        0x4 
 .data._impure_data
                0x200005f8      0x200 /Applications/ArmGNUToolchain/14.3.rel1/arm-none-eabi/bin/../lib/gcc/arm-none-eabi/14.3.1/../../../../arm-none-eabi/lib/thumb/v6-m/nofp/libg.a(libc_a-impure.o)
                0x200005f8                _impure_data
                0x200007f8                        . = ALIGN (0x4)
 *(.after_data.*)
                0x200007f8                        . = ALIGN (0x4)
                0x200007f8                        PROVIDE (__mutex_array_start = .)
 *(SORT_BY_NAME(.mutex_array.*))
 *(.mutex_array)
 .mutex_array   0x200007f8        0x8 CMakeFiles/pico_tas_playback.dir/Users/adam/pico-sdk/src/rp2_common/pico_stdio/stdio.c.o
                0x20000800                        PROVIDE (__mutex_array_end = .)
                0x20000800                        . = ALIGN (0x4)
 *(.jcr)
                0x20000800                        . = ALIGN (0x4)

.tm_clone_table
                0x20000800        0x0 load address 0x1000322c
 .tm_clone_table
                0x20000800        0x0 /Applications/ArmGNUToolchain/14.3.rel1/arm-none-eabi/bin/../lib/gcc/arm-none-eabi/14.3.1/thumb/v6-m/nofp/crtbegin.o
 .tm_clone_table
                0x20000800        0x0 /Applications/ArmGNUToolchain/14.3.rel1/arm-none-eabi/bin/../lib/gcc/arm-none-eabi/14.3.1/thumb/v6-m/nofp/crtend.o

.igot.plt       0x20000800        0x0 load address 0x1000322c
 .igot.plt      0x20000800        0x0 /Applications/ArmGNUToolchain/14.3.rel1/arm-none-eabi/bin/../lib/gcc/arm-none-eabi/14.3.1/thumb/v6-m/nofp/crtbegin.o

.tdata          0x20000800        0x0 load address 0x1000322c
                0x20000800                        . = ALIGN (0x4)
 *(.tdata .tdata.* .gnu.linkonce.td.*)
                0x20000800                        __tdata_end = .
                0x20000800                        PROVIDE (__data_end__ = .)
                0x10002aec                        __etext = LOADADDR (.data)

.tbss           0x20000800        0x0 load address 0x1000322c
                0x20000800                        . = ALIGN (0x4)
                0x20000800                        __bss_start__ = .
                0x20000800                        __tls_base = .
 *(.tbss .tbss.* .gnu.linkonce.tb.*)
 *(.tcommon)
                0x20000800                        __tls_end = .

.bss            0x20000800      0x594 load address 0x1000322c
                0x20000800                        . = ALIGN (0x4)
                0x20000800                        __tbss_end = .
 *(SORT_BY_ALIGNMENT(SORT_BY_NAME(.bss*)))
 .bss.default_alarm_pool_entries
                0x20000800      0x180 CMakeFiles/pico_tas_playback.dir/Users/adam/pico-sdk/src/common/pico_time/time.c.o
 .bss.g_config  0x20000980       0x10 CMakeFiles/pico_tas_playback.dir/src/main.cpp.o
                0x20000980                g_config
 .bss.sd_table  0x20000990      0x100 CMakeFiles/pico_tas_playback.dir/Users/adam/pico-sdk/src/rp2_common/pico_double/double_init_rom_rp2040.c.o
                0x20000990                sd_table
 .bss.sf_table  0x20000a90      0x100 CMakeFiles/pico_tas_playback.dir/Users/adam/pico-sdk/src/rp2_common/pico_float/float_init_rom_rp2040.c.o
                0x20000a90                sf_table
 .bss.__lock___malloc_recursive_mutex
                0x20000b90        0x1 /Applications/ArmGNUToolchain/14.3.rel1/arm-none-eabi/bin/../lib/gcc/arm-none-eabi/14.3.1/../../../../arm-none-eabi/lib/thumb/v6-m/nofp/libg.a(libc_a-lock.o)
                0x20000b90                __lock___malloc_recursive_mutex
 *fill*         0x20000b91        0x3 
 .bss.__malloc_current_mallinfo
                0x20000b94       0x28 /Applications/ArmGNUToolchain/14.3.rel1/arm-none-eabi/bin/../lib/gcc/arm-none-eabi/14.3.1/../../../../arm-none-eabi/lib/thumb/v6-m/nofp/libg.a(libc_a-mallocr.o)
                0x20000b94                __malloc_current_mallinfo
 .bss.__malloc_max_sbrked_mem
                0x20000bbc        0x4 /Applications/ArmGNUToolchain/14.3.rel1/arm-none-eabi/bin/../lib/gcc/arm-none-eabi/14.3.1/../../../../arm-none-eabi/lib/thumb/v6-m/nofp/libg.a(libc_a-mallocr.o)
                0x20000bbc                __malloc_max_sbrked_mem
 .bss.__malloc_max_total_mem
                0x20000bc0        0x4 /Applications/ArmGNUToolchain/14.3.rel1/arm-none-eabi/bin/../lib/gcc/arm-none-eabi/14.3.1/../../../../arm-none-eabi/lib/thumb/v6-m/nofp/libg.a(libc_a-mallocr.o)
                0x20000bc0                __malloc_max_total_mem
 .bss.__malloc_top_pad
                0x20000bc4        0x4 /Applications/ArmGNUToolchain/14.3.rel1/arm-none-eabi/bin/../lib/gcc/arm-none-eabi/14.3.1/../../../../arm-none-eabi/lib/thumb/v6-m/nofp/libg.a(libc_a-mallocr.o)
                0x20000bc4                __malloc_top_pad
 .bss.__sf      0x20000bc8      0x138 /Applications/ArmGNUToolchain/14.3.rel1/arm-none-eabi/bin/../lib/gcc/arm-none-eabi/14.3.1/../../../../arm-none-eabi/lib/thumb/v6-m/nofp/libg.a(libc_a-findfp.o)
                0x20000bc8                __sf
 .bss._used_instruction_space
                0x20000d00        0x8 CMakeFiles/pico_tas_playback.dir/Users/adam/pico-sdk/src/rp2_common/hardware_pio/pio.c.o
 .bss.claimed   0x20000d08        0x1 CMakeFiles/pico_tas_playback.dir/Users/adam/pico-sdk/src/rp2_common/hardware_timer/timer.c.o
 *fill*         0x20000d09        0x3 
 .bss.configured_freq
                0x20000d0c       0x28 CMakeFiles/pico_tas_playback.dir/Users/adam/pico-sdk/src/rp2_common/hardware_clocks/clocks.c.o
 .bss.drivers   0x20000d34        0x4 CMakeFiles/pico_tas_playback.dir/Users/adam/pico-sdk/src/rp2_common/pico_stdio/stdio.c.o
 .bss.errno     0x20000d38        0x4 /Applications/ArmGNUToolchain/14.3.rel1/arm-none-eabi/bin/../lib/gcc/arm-none-eabi/14.3.1/../../../../arm-none-eabi/lib/thumb/v6-m/nofp/libg.a(libc_a-reent.o)
                0x20000d38                errno
 .bss.filter    0x20000d3c        0x4 CMakeFiles/pico_tas_playback.dir/Users/adam/pico-sdk/src/rp2_common/pico_stdio/stdio.c.o
 .bss.g_offset  0x20000d40        0x4 CMakeFiles/pico_tas_playback.dir/src/main.cpp.o
                0x20000d40                g_offset
 .bss.g_scriptReader
                0x20000d44       0x10 CMakeFiles/pico_tas_playback.dir/src/main.cpp.o
                0x20000d44                g_scriptReader
 .bss.g_time    0x20000d54        0x4 CMakeFiles/pico_tas_playback.dir/src/main.cpp.o
                0x20000d54                g_time
 .bss.heap_end.0
                0x20000d58        0x4 CMakeFiles/pico_tas_playback.dir/Users/adam/pico-sdk/src/rp2_common/pico_clib_interface/newlib_interface.c.o
 .bss.lazy_vsnprintf
                0x20000d5c        0x4 CMakeFiles/pico_tas_playback.dir/Users/adam/pico-sdk/src/rp2_common/pico_printf/printf.c.o
 .bss.object.0  0x20000d60       0x18 /Applications/ArmGNUToolchain/14.3.rel1/arm-none-eabi/bin/../lib/gcc/arm-none-eabi/14.3.1/thumb/v6-m/nofp/crtbegin.o
 .bss.pools     0x20000d78       0x10 CMakeFiles/pico_tas_playback.dir/Users/adam/pico-sdk/src/common/pico_time/time.c.o
 .bss.sf_clz_func
                0x20000d88        0x4 CMakeFiles/pico_tas_playback.dir/Users/adam/pico-sdk/src/rp2_common/pico_double/double_init_rom_rp2040.c.o
                0x20000d88                sf_clz_func
 .bss.sleep_notifier
                0x20000d8c        0x4 CMakeFiles/pico_tas_playback.dir/Users/adam/pico-sdk/src/common/pico_time/time.c.o
 .bss.g_frame   0x20000d90        0x2 CMakeFiles/pico_tas_playback.dir/src/main.cpp.o
                0x20000d90                g_frame
 *(COMMON)
                0x20000d94                        . = ALIGN (0x4)
 *fill*         0x20000d92        0x2 
                0x20000d94                        __bss_end__ = .

.heap           0x20000d94      0x800 load address 0x1000322c
                0x20000d94                        __end__ = .
                0x20000d94                        end = __end__
 *(.heap*)
 .heap          0x20000d94      0x800 CMakeFiles/pico_tas_playback.dir/Users/adam/pico-sdk/src/rp2_common/pico_crt0/crt0.S.o
                0x20040000                        __HeapLimit = (ORIGIN (RAM) + LENGTH (RAM))

.scratch_x      0x20040000        0x0 load address 0x1000322c
                0x20040000                        __scratch_x_start__ = .
 *(.scratch_x.*)
                0x20040000                        . = ALIGN (0x4)
                0x20040000                        __scratch_x_end__ = .
                0x1000322c                        __scratch_x_source__ = LOADADDR (.scratch_x)

.scratch_y      0x20041000        0x0 load address 0x1000322c
                0x20041000                        __scratch_y_start__ = .
 *(.scratch_y.*)
                0x20041000                        . = ALIGN (0x4)
                0x20041000                        __scratch_y_end__ = .
                0x1000322c                        __scratch_y_source__ = LOADADDR (.scratch_y)

.stack1_dummy
 *(.stack1*)

.stack_dummy    0x20041000      0x800
 *(.stack*)
 .stack         0x20041000      0x800 CMakeFiles/pico_tas_playback.dir/Users/adam/pico-sdk/src/rp2_common/pico_crt0/crt0.S.o

.rel.dyn        0x20041800        0x0
 .rel.iplt      0x20041800        0x0 /Applications/ArmGNUToolchain/14.3.rel1/arm-none-eabi/bin/../lib/gcc/arm-none-eabi/14.3.1/thumb/v6-m/nofp/crtbegin.o

.flash_end      0x1000322c        0x0
 *(.embedded_end_block*)
                0x1000322c                        PROVIDE (__flash_binary_end = .)
                0x20040000                        __StackLimit = (ORIGIN (RAM) + LENGTH (RAM))
                0x20041000                        __StackOneTop = (ORIGIN (SCRATCH_X) + LENGTH (SCRATCH_X))
                0x20042000                        __StackTop = (ORIGIN (SCRATCH_Y) + LENGTH (SCRATCH_Y))
                0x20041000                        __StackOneBottom = (__StackOneTop - SIZEOF (.stack1_dummy))
                0x20041800                        __StackBottom = (__StackTop - SIZEOF (.stack_dummy))
                0x20042000                        PROVIDE (__stack = __StackTop)
                [!provide]                        PROVIDE (__heap_start = __end__)
                [!provide]                        PROVIDE (__heap_end = __HeapLimit)
                [!provide]                        PROVIDE (__tls_align = MAX (ALIGNOF (.tdata), ALIGNOF (.tbss)))
                [!provide]                        PROVIDE (__tls_size_align = (((__tls_size + __tls_align) - 0x1) & ~ ((__tls_align - 0x1))))
                [!provide]                        PROVIDE (__arm32_tls_tcb_offset = MAX (0x8, __tls_align))
                [!provide]                        PROVIDE (_end = __end__)
                [!provide]                        PROVIDE (__llvm_libc_heap_limit = __HeapLimit)
                0x00000001                        ASSERT ((__StackLimit >= __HeapLimit), region RAM overflowed)
                0x00000001                        ASSERT (((__binary_info_header_end - __logical_binary_start) <= 0x100), Binary info must be in first 256 bytes of the binary)
LOAD CMakeFiles/pico_tas_playback.dir/src/main.cpp.o
LOAD CMakeFiles/pico_tas_playback.dir/src/ScriptReader.cpp.o
LOAD CMakeFiles/pico_tas_playback.dir/src/file.S.o
LOAD CMakeFiles/pico_tas_playback.dir/Users/adam/pico-sdk/src/rp2_common/pico_stdlib/stdlib.c.o
LOAD CMakeFiles/pico_tas_playback.dir/Users/adam/pico-sdk/src/rp2_common/hardware_gpio/gpio.c.o
LOAD CMakeFiles/pico_tas_playback.dir/Users/adam/pico-sdk/src/rp2040/pico_platform/platform.c.o
LOAD CMakeFiles/pico_tas_playback.dir/Users/adam/pico-sdk/src/rp2_common/pico_platform_common/common.c.o
LOAD CMakeFiles/pico_tas_playback.dir/Users/adam/pico-sdk/src/rp2_common/pico_platform_panic/panic.c.o
LOAD CMakeFiles/pico_tas_playback.dir/Users/adam/pico-sdk/src/common/hardware_claim/claim.c.o
LOAD CMakeFiles/pico_tas_playback.dir/Users/adam/pico-sdk/src/rp2_common/hardware_sync/sync.c.o
LOAD CMakeFiles/pico_tas_playback.dir/Users/adam/pico-sdk/src/rp2_common/hardware_sync_spin_lock/sync_spin_lock.c.o
LOAD CMakeFiles/pico_tas_playback.dir/Users/adam/pico-sdk/src/rp2_common/hardware_irq/irq.c.o
LOAD CMakeFiles/pico_tas_playback.dir/Users/adam/pico-sdk/src/rp2_common/hardware_irq/irq_handler_chain.S.o
LOAD CMakeFiles/pico_tas_playback.dir/Users/adam/pico-sdk/src/common/pico_sync/sem.c.o
LOAD CMakeFiles/pico_tas_playback.dir/Users/adam/pico-sdk/src/common/pico_sync/lock_core.c.o
LOAD CMakeFiles/pico_tas_playback.dir/Users/adam/pico-sdk/src/common/pico_sync/mutex.c.o
LOAD CMakeFiles/pico_tas_playback.dir/Users/adam/pico-sdk/src/common/pico_sync/critical_section.c.o
LOAD CMakeFiles/pico_tas_playback.dir/Users/adam/pico-sdk/src/common/pico_time/time.c.o
LOAD CMakeFiles/pico_tas_playback.dir/Users/adam/pico-sdk/src/common/pico_time/timeout_helper.c.o
LOAD CMakeFiles/pico_tas_playback.dir/Users/adam/pico-sdk/src/rp2_common/hardware_timer/timer.c.o
LOAD CMakeFiles/pico_tas_playback.dir/Users/adam/pico-sdk/src/common/pico_util/datetime.c.o
LOAD CMakeFiles/pico_tas_playback.dir/Users/adam/pico-sdk/src/common/pico_util/pheap.c.o
LOAD CMakeFiles/pico_tas_playback.dir/Users/adam/pico-sdk/src/common/pico_util/queue.c.o
LOAD CMakeFiles/pico_tas_playback.dir/Users/adam/pico-sdk/src/rp2_common/hardware_uart/uart.c.o
LOAD CMakeFiles/pico_tas_playback.dir/Users/adam/pico-sdk/src/rp2_common/hardware_clocks/clocks.c.o
LOAD CMakeFiles/pico_tas_playback.dir/Users/adam/pico-sdk/src/rp2_common/hardware_pll/pll.c.o
LOAD CMakeFiles/pico_tas_playback.dir/Users/adam/pico-sdk/src/rp2_common/hardware_vreg/vreg.c.o
LOAD CMakeFiles/pico_tas_playback.dir/Users/adam/pico-sdk/src/rp2_common/hardware_watchdog/watchdog.c.o
LOAD CMakeFiles/pico_tas_playback.dir/Users/adam/pico-sdk/src/rp2_common/hardware_ticks/ticks.c.o
LOAD CMakeFiles/pico_tas_playback.dir/Users/adam/pico-sdk/src/rp2_common/pico_bootrom/bootrom.c.o
LOAD CMakeFiles/pico_tas_playback.dir/Users/adam/pico-sdk/src/rp2_common/pico_bootrom/bootrom_lock.c.o
LOAD CMakeFiles/pico_tas_playback.dir/Users/adam/pico-sdk/src/rp2_common/hardware_boot_lock/boot_lock.c.o
LOAD CMakeFiles/pico_tas_playback.dir/Users/adam/pico-sdk/src/rp2_common/pico_flash/flash.c.o
LOAD CMakeFiles/pico_tas_playback.dir/Users/adam/pico-sdk/src/rp2_common/hardware_xosc/xosc.c.o
LOAD CMakeFiles/pico_tas_playback.dir/Users/adam/pico-sdk/src/rp2_common/hardware_divider/divider.S.o
LOAD CMakeFiles/pico_tas_playback.dir/Users/adam/pico-sdk/src/rp2_common/pico_runtime/runtime.c.o
LOAD CMakeFiles/pico_tas_playback.dir/Users/adam/pico-sdk/src/rp2_common/pico_runtime_init/runtime_init.c.o
LOAD CMakeFiles/pico_tas_playback.dir/Users/adam/pico-sdk/src/rp2_common/pico_runtime_init/runtime_init_clocks.c.o
LOAD CMakeFiles/pico_tas_playback.dir/Users/adam/pico-sdk/src/rp2_common/pico_runtime_init/runtime_init_stack_guard.c.o
LOAD CMakeFiles/pico_tas_playback.dir/Users/adam/pico-sdk/src/rp2_common/pico_bit_ops/bit_ops_aeabi.S.o
LOAD CMakeFiles/pico_tas_playback.dir/Users/adam/pico-sdk/src/rp2_common/pico_divider/divider_hardware.S.o
LOAD CMakeFiles/pico_tas_playback.dir/Users/adam/pico-sdk/src/rp2_common/pico_double/double_aeabi_rp2040.S.o
LOAD CMakeFiles/pico_tas_playback.dir/Users/adam/pico-sdk/src/rp2_common/pico_double/double_init_rom_rp2040.c.o
LOAD CMakeFiles/pico_tas_playback.dir/Users/adam/pico-sdk/src/rp2_common/pico_double/double_math.c.o
LOAD CMakeFiles/pico_tas_playback.dir/Users/adam/pico-sdk/src/rp2_common/pico_double/double_v1_rom_shim_rp2040.S.o
LOAD CMakeFiles/pico_tas_playback.dir/Users/adam/pico-sdk/src/rp2_common/pico_int64_ops/pico_int64_ops_aeabi.S.o
LOAD CMakeFiles/pico_tas_playback.dir/Users/adam/pico-sdk/src/rp2_common/pico_float/float_aeabi_rp2040.S.o
LOAD CMakeFiles/pico_tas_playback.dir/Users/adam/pico-sdk/src/rp2_common/pico_float/float_init_rom_rp2040.c.o
LOAD CMakeFiles/pico_tas_playback.dir/Users/adam/pico-sdk/src/rp2_common/pico_float/float_math.c.o
LOAD CMakeFiles/pico_tas_playback.dir/Users/adam/pico-sdk/src/rp2_common/pico_float/float_v1_rom_shim_rp2040.S.o
LOAD CMakeFiles/pico_tas_playback.dir/Users/adam/pico-sdk/src/rp2_common/pico_malloc/malloc.c.o
LOAD CMakeFiles/pico_tas_playback.dir/Users/adam/pico-sdk/src/rp2_common/pico_mem_ops/mem_ops_aeabi.S.o
LOAD CMakeFiles/pico_tas_playback.dir/Users/adam/pico-sdk/src/rp2_common/pico_atomic/atomic.c.o
LOAD CMakeFiles/pico_tas_playback.dir/Users/adam/pico-sdk/src/rp2_common/pico_cxx_options/new_delete.cpp.o
LOAD CMakeFiles/pico_tas_playback.dir/Users/adam/pico-sdk/src/rp2_common/pico_standard_binary_info/standard_binary_info.c.o
LOAD CMakeFiles/pico_tas_playback.dir/Users/adam/pico-sdk/src/rp2_common/pico_printf/printf.c.o
LOAD CMakeFiles/pico_tas_playback.dir/Users/adam/pico-sdk/src/rp2_common/pico_crt0/crt0.S.o
LOAD CMakeFiles/pico_tas_playback.dir/Users/adam/pico-sdk/src/rp2_common/pico_clib_interface/newlib_interface.c.o
LOAD CMakeFiles/pico_tas_playback.dir/Users/adam/pico-sdk/src/rp2_common/pico_stdio/stdio.c.o
LOAD CMakeFiles/pico_tas_playback.dir/Users/adam/pico-sdk/src/rp2_common/pico_stdio_uart/stdio_uart.c.o
LOAD CMakeFiles/pico_tas_playback.dir/Users/adam/pico-sdk/src/rp2_common/hardware_pio/pio.c.o
LOAD CMakeFiles/pico_tas_playback.dir/Users/adam/pico-sdk/src/rp2_common/hardware_flash/flash.c.o
LOAD CMakeFiles/pico_tas_playback.dir/Users/adam/pico-sdk/src/rp2_common/hardware_xip_cache/xip_cache.c.o
LOAD pico-sdk/src/rp2040/boot_stage2/CMakeFiles/bs2_default_library.dir/bs2_default_padded_checksummed.S.o
LOAD /Applications/ArmGNUToolchain/14.3.rel1/arm-none-eabi/bin/../lib/gcc/arm-none-eabi/14.3.1/../../../../arm-none-eabi/lib/thumb/v6-m/nofp/libstdc++.a
LOAD /Applications/ArmGNUToolchain/14.3.rel1/arm-none-eabi/bin/../lib/gcc/arm-none-eabi/14.3.1/../../../../arm-none-eabi/lib/thumb/v6-m/nofp/libm.a
START GROUP
LOAD /Applications/ArmGNUToolchain/14.3.rel1/arm-none-eabi/bin/../lib/gcc/arm-none-eabi/14.3.1/thumb/v6-m/nofp/libgcc.a
LOAD /Applications/ArmGNUToolchain/14.3.rel1/arm-none-eabi/bin/../lib/gcc/arm-none-eabi/14.3.1/../../../../arm-none-eabi/lib/thumb/v6-m/nofp/libg.a
LOAD /Applications/ArmGNUToolchain/14.3.rel1/arm-none-eabi/bin/../lib/gcc/arm-none-eabi/14.3.1/../../../../arm-none-eabi/lib/thumb/v6-m/nofp/libc.a
END GROUP
START GROUP
LOAD /Applications/ArmGNUToolchain/14.3.rel1/arm-none-eabi/bin/../lib/gcc/arm-none-eabi/14.3.1/thumb/v6-m/nofp/libgcc.a
LOAD /Applications/ArmGNUToolchain/14.3.rel1/arm-none-eabi/bin/../lib/gcc/arm-none-eabi/14.3.1/../../../../arm-none-eabi/lib/thumb/v6-m/nofp/libc.a
LOAD /Applications/ArmGNUToolchain/14.3.rel1/arm-none-eabi/bin/../lib/gcc/arm-none-eabi/14.3.1/../../../../arm-none-eabi/lib/thumb/v6-m/nofp/libnosys.a
END GROUP
LOAD /Applications/ArmGNUToolchain/14.3.rel1/arm-none-eabi/bin/../lib/gcc/arm-none-eabi/14.3.1/thumb/v6-m/nofp/crtend.o
LOAD /Applications/ArmGNUToolchain/14.3.rel1/arm-none-eabi/bin/../lib/gcc/arm-none-eabi/14.3.1/thumb/v6-m/nofp/crtn.o
OUTPUT(pico_tas_playback.elf elf32-littlearm)
LOAD linker stubs

.ARM.attributes
                0x00000000       0x28
 .ARM.attributes
                0x00000000       0x1e /Applications/ArmGNUToolchain/14.3.rel1/arm-none-eabi/bin/../lib/gcc/arm-none-eabi/14.3.1/thumb/v6-m/nofp/crti.o
 .ARM.attributes
                0x0000001e       0x2c /Applications/ArmGNUToolchain/14.3.rel1/arm-none-eabi/bin/../lib/gcc/arm-none-eabi/14.3.1/thumb/v6-m/nofp/crtbegin.o
 .ARM.attributes
                0x0000004a       0x2c CMakeFiles/pico_tas_playback.dir/src/main.cpp.o
 .ARM.attributes
                0x00000076       0x2c CMakeFiles/pico_tas_playback.dir/src/ScriptReader.cpp.o
 .ARM.attributes
                0x000000a2       0x1c CMakeFiles/pico_tas_playback.dir/src/file.S.o
 .ARM.attributes
                0x000000be       0x2c CMakeFiles/pico_tas_playback.dir/Users/adam/pico-sdk/src/rp2_common/hardware_gpio/gpio.c.o
 .ARM.attributes
                0x000000ea       0x2c CMakeFiles/pico_tas_playback.dir/Users/adam/pico-sdk/src/rp2_common/pico_platform_panic/panic.c.o
 .ARM.attributes
                0x00000116       0x2c CMakeFiles/pico_tas_playback.dir/Users/adam/pico-sdk/src/common/hardware_claim/claim.c.o
 .ARM.attributes
                0x00000142       0x2c CMakeFiles/pico_tas_playback.dir/Users/adam/pico-sdk/src/rp2_common/hardware_sync/sync.c.o
 .ARM.attributes
                0x0000016e       0x2c CMakeFiles/pico_tas_playback.dir/Users/adam/pico-sdk/src/rp2_common/hardware_sync_spin_lock/sync_spin_lock.c.o
 .ARM.attributes
                0x0000019a       0x2c CMakeFiles/pico_tas_playback.dir/Users/adam/pico-sdk/src/rp2_common/hardware_irq/irq.c.o
 .ARM.attributes
                0x000001c6       0x2c CMakeFiles/pico_tas_playback.dir/Users/adam/pico-sdk/src/common/pico_sync/lock_core.c.o
 .ARM.attributes
                0x000001f2       0x2c CMakeFiles/pico_tas_playback.dir/Users/adam/pico-sdk/src/common/pico_sync/mutex.c.o
 .ARM.attributes
                0x0000021e       0x2c CMakeFiles/pico_tas_playback.dir/Users/adam/pico-sdk/src/common/pico_time/time.c.o
 .ARM.attributes
                0x0000024a       0x2c CMakeFiles/pico_tas_playback.dir/Users/adam/pico-sdk/src/rp2_common/hardware_timer/timer.c.o
 .ARM.attributes
                0x00000276       0x2c CMakeFiles/pico_tas_playback.dir/Users/adam/pico-sdk/src/rp2_common/hardware_clocks/clocks.c.o
 .ARM.attributes
                0x000002a2       0x2c CMakeFiles/pico_tas_playback.dir/Users/adam/pico-sdk/src/rp2_common/hardware_pll/pll.c.o
 .ARM.attributes
                0x000002ce       0x2c CMakeFiles/pico_tas_playback.dir/Users/adam/pico-sdk/src/rp2_common/hardware_ticks/ticks.c.o
 .ARM.attributes
                0x000002fa       0x2c CMakeFiles/pico_tas_playback.dir/Users/adam/pico-sdk/src/rp2_common/pico_bootrom/bootrom.c.o
 .ARM.attributes
                0x00000326       0x2c CMakeFiles/pico_tas_playback.dir/Users/adam/pico-sdk/src/rp2_common/hardware_xosc/xosc.c.o
 .ARM.attributes
                0x00000352       0x2c CMakeFiles/pico_tas_playback.dir/Users/adam/pico-sdk/src/rp2_common/pico_runtime/runtime.c.o
 .ARM.attributes
                0x0000037e       0x2c CMakeFiles/pico_tas_playback.dir/Users/adam/pico-sdk/src/rp2_common/pico_runtime_init/runtime_init.c.o
 .ARM.attributes
                0x000003aa       0x2c CMakeFiles/pico_tas_playback.dir/Users/adam/pico-sdk/src/rp2_common/pico_runtime_init/runtime_init_clocks.c.o
 .ARM.attributes
                0x000003d6       0x22 CMakeFiles/pico_tas_playback.dir/Users/adam/pico-sdk/src/rp2_common/pico_bit_ops/bit_ops_aeabi.S.o
 .ARM.attributes
                0x000003f8       0x22 CMakeFiles/pico_tas_playback.dir/Users/adam/pico-sdk/src/rp2_common/pico_divider/divider_hardware.S.o
 .ARM.attributes
                0x0000041a       0x22 CMakeFiles/pico_tas_playback.dir/Users/adam/pico-sdk/src/rp2_common/pico_double/double_aeabi_rp2040.S.o
 .ARM.attributes
                0x0000043c       0x2c CMakeFiles/pico_tas_playback.dir/Users/adam/pico-sdk/src/rp2_common/pico_double/double_init_rom_rp2040.c.o
 .ARM.attributes
                0x00000468       0x22 CMakeFiles/pico_tas_playback.dir/Users/adam/pico-sdk/src/rp2_common/pico_double/double_v1_rom_shim_rp2040.S.o
 .ARM.attributes
                0x0000048a       0x22 CMakeFiles/pico_tas_playback.dir/Users/adam/pico-sdk/src/rp2_common/pico_float/float_aeabi_rp2040.S.o
 .ARM.attributes
                0x000004ac       0x2c CMakeFiles/pico_tas_playback.dir/Users/adam/pico-sdk/src/rp2_common/pico_float/float_init_rom_rp2040.c.o
 .ARM.attributes
                0x000004d8       0x22 CMakeFiles/pico_tas_playback.dir/Users/adam/pico-sdk/src/rp2_common/pico_float/float_v1_rom_shim_rp2040.S.o
 .ARM.attributes
                0x000004fa       0x2c CMakeFiles/pico_tas_playback.dir/Users/adam/pico-sdk/src/rp2_common/pico_malloc/malloc.c.o
 .ARM.attributes
                0x00000526       0x22 CMakeFiles/pico_tas_playback.dir/Users/adam/pico-sdk/src/rp2_common/pico_mem_ops/mem_ops_aeabi.S.o
 .ARM.attributes
                0x00000548       0x2c CMakeFiles/pico_tas_playback.dir/Users/adam/pico-sdk/src/rp2_common/pico_cxx_options/new_delete.cpp.o
 .ARM.attributes
                0x00000574       0x2c CMakeFiles/pico_tas_playback.dir/Users/adam/pico-sdk/src/rp2_common/pico_standard_binary_info/standard_binary_info.c.o
 .ARM.attributes
                0x000005a0       0x2c CMakeFiles/pico_tas_playback.dir/Users/adam/pico-sdk/src/rp2_common/pico_printf/printf.c.o
 .ARM.attributes
                0x000005cc       0x22 CMakeFiles/pico_tas_playback.dir/Users/adam/pico-sdk/src/rp2_common/pico_crt0/crt0.S.o
 .ARM.attributes
                0x000005ee       0x2c CMakeFiles/pico_tas_playback.dir/Users/adam/pico-sdk/src/rp2_common/pico_clib_interface/newlib_interface.c.o
 .ARM.attributes
                0x0000061a       0x2c CMakeFiles/pico_tas_playback.dir/Users/adam/pico-sdk/src/rp2_common/pico_stdio/stdio.c.o
 .ARM.attributes
                0x00000646       0x2c CMakeFiles/pico_tas_playback.dir/Users/adam/pico-sdk/src/rp2_common/hardware_pio/pio.c.o
 .ARM.attributes
                0x00000672       0x22 pico-sdk/src/rp2040/boot_stage2/CMakeFiles/bs2_default_library.dir/bs2_default_padded_checksummed.S.o
 .ARM.attributes
                0x00000694       0x1e /Applications/ArmGNUToolchain/14.3.rel1/arm-none-eabi/bin/../lib/gcc/arm-none-eabi/14.3.1/thumb/v6-m/nofp/libgcc.a(_dvmd_tls.o)
 .ARM.attributes
                0x000006b2       0x2c /Applications/ArmGNUToolchain/14.3.rel1/arm-none-eabi/bin/../lib/gcc/arm-none-eabi/14.3.1/../../../../arm-none-eabi/lib/thumb/v6-m/nofp/libg.a(libc_a-malloc.o)
 .ARM.attributes
                0x000006de       0x2c /Applications/ArmGNUToolchain/14.3.rel1/arm-none-eabi/bin/../lib/gcc/arm-none-eabi/14.3.1/../../../../arm-none-eabi/lib/thumb/v6-m/nofp/libg.a(libc_a-mallocr.o)
 .ARM.attributes
                0x0000070a       0x2c /Applications/ArmGNUToolchain/14.3.rel1/arm-none-eabi/bin/../lib/gcc/arm-none-eabi/14.3.1/../../../../arm-none-eabi/lib/thumb/v6-m/nofp/libg.a(libc_a-mlock.o)
 .ARM.attributes
                0x00000736       0x2c /Applications/ArmGNUToolchain/14.3.rel1/arm-none-eabi/bin/../lib/gcc/arm-none-eabi/14.3.1/../../../../arm-none-eabi/lib/thumb/v6-m/nofp/libg.a(libc_a-impure.o)
 .ARM.attributes
                0x00000762       0x2c /Applications/ArmGNUToolchain/14.3.rel1/arm-none-eabi/bin/../lib/gcc/arm-none-eabi/14.3.1/../../../../arm-none-eabi/lib/thumb/v6-m/nofp/libg.a(libc_a-sbrkr.o)
 .ARM.attributes
                0x0000078e       0x2c /Applications/ArmGNUToolchain/14.3.rel1/arm-none-eabi/bin/../lib/gcc/arm-none-eabi/14.3.1/../../../../arm-none-eabi/lib/thumb/v6-m/nofp/libg.a(libc_a-errno.o)
 .ARM.attributes
                0x000007ba       0x2c /Applications/ArmGNUToolchain/14.3.rel1/arm-none-eabi/bin/../lib/gcc/arm-none-eabi/14.3.1/../../../../arm-none-eabi/lib/thumb/v6-m/nofp/libg.a(libc_a-sysconf.o)
 .ARM.attributes
                0x000007e6       0x2c /Applications/ArmGNUToolchain/14.3.rel1/arm-none-eabi/bin/../lib/gcc/arm-none-eabi/14.3.1/../../../../arm-none-eabi/lib/thumb/v6-m/nofp/libg.a(libc_a-lock.o)
 .ARM.attributes
                0x00000812       0x2c /Applications/ArmGNUToolchain/14.3.rel1/arm-none-eabi/bin/../lib/gcc/arm-none-eabi/14.3.1/../../../../arm-none-eabi/lib/thumb/v6-m/nofp/libg.a(libc_a-strlen-stub.o)
 .ARM.attributes
                0x0000083e       0x2c /Applications/ArmGNUToolchain/14.3.rel1/arm-none-eabi/bin/../lib/gcc/arm-none-eabi/14.3.1/../../../../arm-none-eabi/lib/thumb/v6-m/nofp/libg.a(libc_a-freer.o)
 .ARM.attributes
                0x0000086a       0x2c /Applications/ArmGNUToolchain/14.3.rel1/arm-none-eabi/bin/../lib/gcc/arm-none-eabi/14.3.1/../../../../arm-none-eabi/lib/thumb/v6-m/nofp/libg.a(libc_a-findfp.o)
 .ARM.attributes
                0x00000896       0x2c /Applications/ArmGNUToolchain/14.3.rel1/arm-none-eabi/bin/../lib/gcc/arm-none-eabi/14.3.1/../../../../arm-none-eabi/lib/thumb/v6-m/nofp/libg.a(libc_a-reent.o)
 .ARM.attributes
                0x000008c2       0x2c /Applications/ArmGNUToolchain/14.3.rel1/arm-none-eabi/bin/../lib/gcc/arm-none-eabi/14.3.1/thumb/v6-m/nofp/crtend.o

.comment        0x00000000       0x46
 .comment       0x00000000       0x46 CMakeFiles/pico_tas_playback.dir/src/main.cpp.o
                                 0x47 (size before relaxing)
 .comment       0x00000046       0x47 CMakeFiles/pico_tas_playback.dir/src/ScriptReader.cpp.o
 .comment       0x00000046       0x47 CMakeFiles/pico_tas_playback.dir/Users/adam/pico-sdk/src/rp2_common/hardware_gpio/gpio.c.o
 .comment       0x00000046       0x47 CMakeFiles/pico_tas_playback.dir/Users/adam/pico-sdk/src/rp2_common/pico_platform_panic/panic.c.o
 .comment       0x00000046       0x47 CMakeFiles/pico_tas_playback.dir/Users/adam/pico-sdk/src/common/hardware_claim/claim.c.o
 .comment       0x00000046       0x47 CMakeFiles/pico_tas_playback.dir/Users/adam/pico-sdk/src/rp2_common/hardware_sync/sync.c.o
 .comment       0x00000046       0x47 CMakeFiles/pico_tas_playback.dir/Users/adam/pico-sdk/src/rp2_common/hardware_sync_spin_lock/sync_spin_lock.c.o
 .comment       0x00000046       0x47 CMakeFiles/pico_tas_playback.dir/Users/adam/pico-sdk/src/rp2_common/hardware_irq/irq.c.o
 .comment       0x00000046       0x47 CMakeFiles/pico_tas_playback.dir/Users/adam/pico-sdk/src/common/pico_sync/lock_core.c.o
 .comment       0x00000046       0x47 CMakeFiles/pico_tas_playback.dir/Users/adam/pico-sdk/src/common/pico_sync/mutex.c.o
 .comment       0x00000046       0x47 CMakeFiles/pico_tas_playback.dir/Users/adam/pico-sdk/src/common/pico_time/time.c.o
 .comment       0x00000046       0x47 CMakeFiles/pico_tas_playback.dir/Users/adam/pico-sdk/src/rp2_common/hardware_timer/timer.c.o
 .comment       0x00000046       0x47 CMakeFiles/pico_tas_playback.dir/Users/adam/pico-sdk/src/rp2_common/hardware_clocks/clocks.c.o
 .comment       0x00000046       0x47 CMakeFiles/pico_tas_playback.dir/Users/adam/pico-sdk/src/rp2_common/hardware_pll/pll.c.o
 .comment       0x00000046       0x47 CMakeFiles/pico_tas_playback.dir/Users/adam/pico-sdk/src/rp2_common/hardware_ticks/ticks.c.o
 .comment       0x00000046       0x47 CMakeFiles/pico_tas_playback.dir/Users/adam/pico-sdk/src/rp2_common/pico_bootrom/bootrom.c.o
 .comment       0x00000046       0x47 CMakeFiles/pico_tas_playback.dir/Users/adam/pico-sdk/src/rp2_common/hardware_xosc/xosc.c.o
 .comment       0x00000046       0x47 CMakeFiles/pico_tas_playback.dir/Users/adam/pico-sdk/src/rp2_common/pico_runtime/runtime.c.o
 .comment       0x00000046       0x47 CMakeFiles/pico_tas_playback.dir/Users/adam/pico-sdk/src/rp2_common/pico_runtime_init/runtime_init.c.o
 .comment       0x00000046       0x47 CMakeFiles/pico_tas_playback.dir/Users/adam/pico-sdk/src/rp2_common/pico_runtime_init/runtime_init_clocks.c.o
 .comment       0x00000046       0x47 CMakeFiles/pico_tas_playback.dir/Users/adam/pico-sdk/src/rp2_common/pico_double/double_init_rom_rp2040.c.o
 .comment       0x00000046       0x47 CMakeFiles/pico_tas_playback.dir/Users/adam/pico-sdk/src/rp2_common/pico_float/float_init_rom_rp2040.c.o
 .comment       0x00000046       0x47 CMakeFiles/pico_tas_playback.dir/Users/adam/pico-sdk/src/rp2_common/pico_malloc/malloc.c.o
 .comment       0x00000046       0x47 CMakeFiles/pico_tas_playback.dir/Users/adam/pico-sdk/src/rp2_common/pico_cxx_options/new_delete.cpp.o
 .comment       0x00000046       0x47 CMakeFiles/pico_tas_playback.dir/Users/adam/pico-sdk/src/rp2_common/pico_standard_binary_info/standard_binary_info.c.o
 .comment       0x00000046       0x47 CMakeFiles/pico_tas_playback.dir/Users/adam/pico-sdk/src/rp2_common/pico_printf/printf.c.o
 .comment       0x00000046       0x47 CMakeFiles/pico_tas_playback.dir/Users/adam/pico-sdk/src/rp2_common/pico_clib_interface/newlib_interface.c.o
 .comment       0x00000046       0x47 CMakeFiles/pico_tas_playback.dir/Users/adam/pico-sdk/src/rp2_common/pico_stdio/stdio.c.o
 .comment       0x00000046       0x47 CMakeFiles/pico_tas_playback.dir/Users/adam/pico-sdk/src/rp2_common/hardware_pio/pio.c.o

.debug_info     0x00000000    0x208cc
 .debug_info    0x00000000     0x2684 CMakeFiles/pico_tas_playback.dir/src/main.cpp.o
 .debug_info    0x00002684      0xa04 CMakeFiles/pico_tas_playback.dir/src/ScriptReader.cpp.o
 .debug_info    0x00003088     0x2421 CMakeFiles/pico_tas_playback.dir/Users/adam/pico-sdk/src/rp2_common/hardware_gpio/gpio.c.o
 .debug_info    0x000054a9      0x1bf CMakeFiles/pico_tas_playback.dir/Users/adam/pico-sdk/src/rp2_common/pico_platform_panic/panic.c.o
 .debug_info    0x00005668      0x9a1 CMakeFiles/pico_tas_playback.dir/Users/adam/pico-sdk/src/common/hardware_claim/claim.c.o
 .debug_info    0x00006009      0x45c CMakeFiles/pico_tas_playback.dir/Users/adam/pico-sdk/src/rp2_common/hardware_sync/sync.c.o
 .debug_info    0x00006465      0x245 CMakeFiles/pico_tas_playback.dir/Users/adam/pico-sdk/src/rp2_common/hardware_sync_spin_lock/sync_spin_lock.c.o
 .debug_info    0x000066aa     0x2233 CMakeFiles/pico_tas_playback.dir/Users/adam/pico-sdk/src/rp2_common/hardware_irq/irq.c.o
 .debug_info    0x000088dd      0x15f CMakeFiles/pico_tas_playback.dir/Users/adam/pico-sdk/src/common/pico_sync/lock_core.c.o
 .debug_info    0x00008a3c     0x2815 CMakeFiles/pico_tas_playback.dir/Users/adam/pico-sdk/src/common/pico_sync/mutex.c.o
 .debug_info    0x0000b251     0x5065 CMakeFiles/pico_tas_playback.dir/Users/adam/pico-sdk/src/common/pico_time/time.c.o
 .debug_info    0x000102b6     0x2b37 CMakeFiles/pico_tas_playback.dir/Users/adam/pico-sdk/src/rp2_common/hardware_timer/timer.c.o
 .debug_info    0x00012ded     0x2a05 CMakeFiles/pico_tas_playback.dir/Users/adam/pico-sdk/src/rp2_common/hardware_clocks/clocks.c.o
 .debug_info    0x000157f2      0x4e5 CMakeFiles/pico_tas_playback.dir/Users/adam/pico-sdk/src/rp2_common/hardware_pll/pll.c.o
 .debug_info    0x00015cd7      0x248 CMakeFiles/pico_tas_playback.dir/Users/adam/pico-sdk/src/rp2_common/hardware_ticks/ticks.c.o
 .debug_info    0x00015f1f      0x678 CMakeFiles/pico_tas_playback.dir/Users/adam/pico-sdk/src/rp2_common/pico_bootrom/bootrom.c.o
 .debug_info    0x00016597      0x1d0 CMakeFiles/pico_tas_playback.dir/Users/adam/pico-sdk/src/rp2_common/hardware_xosc/xosc.c.o
 .debug_info    0x00016767      0x21a CMakeFiles/pico_tas_playback.dir/Users/adam/pico-sdk/src/rp2_common/pico_runtime/runtime.c.o
 .debug_info    0x00016981      0x7ea CMakeFiles/pico_tas_playback.dir/Users/adam/pico-sdk/src/rp2_common/pico_runtime_init/runtime_init.c.o
 .debug_info    0x0001716b      0x781 CMakeFiles/pico_tas_playback.dir/Users/adam/pico-sdk/src/rp2_common/pico_runtime_init/runtime_init_clocks.c.o
 .debug_info    0x000178ec       0x23 CMakeFiles/pico_tas_playback.dir/Users/adam/pico-sdk/src/rp2_common/pico_bit_ops/bit_ops_aeabi.S.o
 .debug_info    0x0001790f       0x23 CMakeFiles/pico_tas_playback.dir/Users/adam/pico-sdk/src/rp2_common/pico_divider/divider_hardware.S.o
 .debug_info    0x00017932       0x23 CMakeFiles/pico_tas_playback.dir/Users/adam/pico-sdk/src/rp2_common/pico_double/double_aeabi_rp2040.S.o
 .debug_info    0x00017955      0x27e CMakeFiles/pico_tas_playback.dir/Users/adam/pico-sdk/src/rp2_common/pico_double/double_init_rom_rp2040.c.o
 .debug_info    0x00017bd3       0x23 CMakeFiles/pico_tas_playback.dir/Users/adam/pico-sdk/src/rp2_common/pico_double/double_v1_rom_shim_rp2040.S.o
 .debug_info    0x00017bf6       0x23 CMakeFiles/pico_tas_playback.dir/Users/adam/pico-sdk/src/rp2_common/pico_float/float_aeabi_rp2040.S.o
 .debug_info    0x00017c19      0x27e CMakeFiles/pico_tas_playback.dir/Users/adam/pico-sdk/src/rp2_common/pico_float/float_init_rom_rp2040.c.o
 .debug_info    0x00017e97       0x23 CMakeFiles/pico_tas_playback.dir/Users/adam/pico-sdk/src/rp2_common/pico_float/float_v1_rom_shim_rp2040.S.o
 .debug_info    0x00017eba      0x3e4 CMakeFiles/pico_tas_playback.dir/Users/adam/pico-sdk/src/rp2_common/pico_malloc/malloc.c.o
 .debug_info    0x0001829e       0x23 CMakeFiles/pico_tas_playback.dir/Users/adam/pico-sdk/src/rp2_common/pico_mem_ops/mem_ops_aeabi.S.o
 .debug_info    0x000182c1      0x6fd CMakeFiles/pico_tas_playback.dir/Users/adam/pico-sdk/src/rp2_common/pico_cxx_options/new_delete.cpp.o
 .debug_info    0x000189be      0x2b8 CMakeFiles/pico_tas_playback.dir/Users/adam/pico-sdk/src/rp2_common/pico_standard_binary_info/standard_binary_info.c.o
 .debug_info    0x00018c76     0x22f2 CMakeFiles/pico_tas_playback.dir/Users/adam/pico-sdk/src/rp2_common/pico_printf/printf.c.o
 .debug_info    0x0001af68       0x23 CMakeFiles/pico_tas_playback.dir/Users/adam/pico-sdk/src/rp2_common/pico_crt0/crt0.S.o
 .debug_info    0x0001af8b      0xbbe CMakeFiles/pico_tas_playback.dir/Users/adam/pico-sdk/src/rp2_common/pico_clib_interface/newlib_interface.c.o
 .debug_info    0x0001bb49     0x1d90 CMakeFiles/pico_tas_playback.dir/Users/adam/pico-sdk/src/rp2_common/pico_stdio/stdio.c.o
 .debug_info    0x0001d8d9     0x2ff3 CMakeFiles/pico_tas_playback.dir/Users/adam/pico-sdk/src/rp2_common/hardware_pio/pio.c.o

.debug_abbrev   0x00000000     0x5a3c
 .debug_abbrev  0x00000000      0x62b CMakeFiles/pico_tas_playback.dir/src/main.cpp.o
 .debug_abbrev  0x0000062b      0x316 CMakeFiles/pico_tas_playback.dir/src/ScriptReader.cpp.o
 .debug_abbrev  0x00000941      0x4f9 CMakeFiles/pico_tas_playback.dir/Users/adam/pico-sdk/src/rp2_common/hardware_gpio/gpio.c.o
 .debug_abbrev  0x00000e3a      0x12b CMakeFiles/pico_tas_playback.dir/Users/adam/pico-sdk/src/rp2_common/pico_platform_panic/panic.c.o
 .debug_abbrev  0x00000f65      0x328 CMakeFiles/pico_tas_playback.dir/Users/adam/pico-sdk/src/common/hardware_claim/claim.c.o
 .debug_abbrev  0x0000128d      0x20f CMakeFiles/pico_tas_playback.dir/Users/adam/pico-sdk/src/rp2_common/hardware_sync/sync.c.o
 .debug_abbrev  0x0000149c      0x1bb CMakeFiles/pico_tas_playback.dir/Users/adam/pico-sdk/src/rp2_common/hardware_sync_spin_lock/sync_spin_lock.c.o
 .debug_abbrev  0x00001657      0x614 CMakeFiles/pico_tas_playback.dir/Users/adam/pico-sdk/src/rp2_common/hardware_irq/irq.c.o
 .debug_abbrev  0x00001c6b       0xee CMakeFiles/pico_tas_playback.dir/Users/adam/pico-sdk/src/common/pico_sync/lock_core.c.o
 .debug_abbrev  0x00001d59      0x48c CMakeFiles/pico_tas_playback.dir/Users/adam/pico-sdk/src/common/pico_sync/mutex.c.o
 .debug_abbrev  0x000021e5      0x659 CMakeFiles/pico_tas_playback.dir/Users/adam/pico-sdk/src/common/pico_time/time.c.o
 .debug_abbrev  0x0000283e      0x4f2 CMakeFiles/pico_tas_playback.dir/Users/adam/pico-sdk/src/rp2_common/hardware_timer/timer.c.o
 .debug_abbrev  0x00002d30      0x512 CMakeFiles/pico_tas_playback.dir/Users/adam/pico-sdk/src/rp2_common/hardware_clocks/clocks.c.o
 .debug_abbrev  0x00003242      0x1d2 CMakeFiles/pico_tas_playback.dir/Users/adam/pico-sdk/src/rp2_common/hardware_pll/pll.c.o
 .debug_abbrev  0x00003414      0x145 CMakeFiles/pico_tas_playback.dir/Users/adam/pico-sdk/src/rp2_common/hardware_ticks/ticks.c.o
 .debug_abbrev  0x00003559      0x1bc CMakeFiles/pico_tas_playback.dir/Users/adam/pico-sdk/src/rp2_common/pico_bootrom/bootrom.c.o
 .debug_abbrev  0x00003715      0x11d CMakeFiles/pico_tas_playback.dir/Users/adam/pico-sdk/src/rp2_common/hardware_xosc/xosc.c.o
 .debug_abbrev  0x00003832      0x182 CMakeFiles/pico_tas_playback.dir/Users/adam/pico-sdk/src/rp2_common/pico_runtime/runtime.c.o
 .debug_abbrev  0x000039b4      0x26b CMakeFiles/pico_tas_playback.dir/Users/adam/pico-sdk/src/rp2_common/pico_runtime_init/runtime_init.c.o
 .debug_abbrev  0x00003c1f      0x2af CMakeFiles/pico_tas_playback.dir/Users/adam/pico-sdk/src/rp2_common/pico_runtime_init/runtime_init_clocks.c.o
 .debug_abbrev  0x00003ece       0x12 CMakeFiles/pico_tas_playback.dir/Users/adam/pico-sdk/src/rp2_common/pico_bit_ops/bit_ops_aeabi.S.o
 .debug_abbrev  0x00003ee0       0x12 CMakeFiles/pico_tas_playback.dir/Users/adam/pico-sdk/src/rp2_common/pico_divider/divider_hardware.S.o
 .debug_abbrev  0x00003ef2       0x12 CMakeFiles/pico_tas_playback.dir/Users/adam/pico-sdk/src/rp2_common/pico_double/double_aeabi_rp2040.S.o
 .debug_abbrev  0x00003f04      0x17a CMakeFiles/pico_tas_playback.dir/Users/adam/pico-sdk/src/rp2_common/pico_double/double_init_rom_rp2040.c.o
 .debug_abbrev  0x0000407e       0x12 CMakeFiles/pico_tas_playback.dir/Users/adam/pico-sdk/src/rp2_common/pico_double/double_v1_rom_shim_rp2040.S.o
 .debug_abbrev  0x00004090       0x12 CMakeFiles/pico_tas_playback.dir/Users/adam/pico-sdk/src/rp2_common/pico_float/float_aeabi_rp2040.S.o
 .debug_abbrev  0x000040a2      0x173 CMakeFiles/pico_tas_playback.dir/Users/adam/pico-sdk/src/rp2_common/pico_float/float_init_rom_rp2040.c.o
 .debug_abbrev  0x00004215       0x12 CMakeFiles/pico_tas_playback.dir/Users/adam/pico-sdk/src/rp2_common/pico_float/float_v1_rom_shim_rp2040.S.o
 .debug_abbrev  0x00004227      0x1ad CMakeFiles/pico_tas_playback.dir/Users/adam/pico-sdk/src/rp2_common/pico_malloc/malloc.c.o
 .debug_abbrev  0x000043d4       0x12 CMakeFiles/pico_tas_playback.dir/Users/adam/pico-sdk/src/rp2_common/pico_mem_ops/mem_ops_aeabi.S.o
 .debug_abbrev  0x000043e6      0x216 CMakeFiles/pico_tas_playback.dir/Users/adam/pico-sdk/src/rp2_common/pico_cxx_options/new_delete.cpp.o
 .debug_abbrev  0x000045fc       0xb8 CMakeFiles/pico_tas_playback.dir/Users/adam/pico-sdk/src/rp2_common/pico_standard_binary_info/standard_binary_info.c.o
 .debug_abbrev  0x000046b4      0x50c CMakeFiles/pico_tas_playback.dir/Users/adam/pico-sdk/src/rp2_common/pico_printf/printf.c.o
 .debug_abbrev  0x00004bc0       0x12 CMakeFiles/pico_tas_playback.dir/Users/adam/pico-sdk/src/rp2_common/pico_crt0/crt0.S.o
 .debug_abbrev  0x00004bd2      0x352 CMakeFiles/pico_tas_playback.dir/Users/adam/pico-sdk/src/rp2_common/pico_clib_interface/newlib_interface.c.o
 .debug_abbrev  0x00004f24      0x5d9 CMakeFiles/pico_tas_playback.dir/Users/adam/pico-sdk/src/rp2_common/pico_stdio/stdio.c.o
 .debug_abbrev  0x000054fd      0x53f CMakeFiles/pico_tas_playback.dir/Users/adam/pico-sdk/src/rp2_common/hardware_pio/pio.c.o

.debug_loclists
                0x00000000    0x12955
 .debug_loclists
                0x00000000      0x8b7 CMakeFiles/pico_tas_playback.dir/src/main.cpp.o
 .debug_loclists
                0x000008b7      0x2f9 CMakeFiles/pico_tas_playback.dir/src/ScriptReader.cpp.o
 .debug_loclists
                0x00000bb0     0x1a7f CMakeFiles/pico_tas_playback.dir/Users/adam/pico-sdk/src/rp2_common/hardware_gpio/gpio.c.o
 .debug_loclists
                0x0000262f      0x349 CMakeFiles/pico_tas_playback.dir/Users/adam/pico-sdk/src/common/hardware_claim/claim.c.o
 .debug_loclists
                0x00002978      0x108 CMakeFiles/pico_tas_playback.dir/Users/adam/pico-sdk/src/rp2_common/hardware_sync/sync.c.o
 .debug_loclists
                0x00002a80       0x7d CMakeFiles/pico_tas_playback.dir/Users/adam/pico-sdk/src/rp2_common/hardware_sync_spin_lock/sync_spin_lock.c.o
 .debug_loclists
                0x00002afd     0x11ed CMakeFiles/pico_tas_playback.dir/Users/adam/pico-sdk/src/rp2_common/hardware_irq/irq.c.o
 .debug_loclists
                0x00003cea       0x41 CMakeFiles/pico_tas_playback.dir/Users/adam/pico-sdk/src/common/pico_sync/lock_core.c.o
 .debug_loclists
                0x00003d2b      0xaec CMakeFiles/pico_tas_playback.dir/Users/adam/pico-sdk/src/common/pico_sync/mutex.c.o
 .debug_loclists
                0x00004817     0x27d8 CMakeFiles/pico_tas_playback.dir/Users/adam/pico-sdk/src/common/pico_time/time.c.o
 .debug_loclists
                0x00006fef     0x19f1 CMakeFiles/pico_tas_playback.dir/Users/adam/pico-sdk/src/rp2_common/hardware_timer/timer.c.o
 .debug_loclists
                0x000089e0     0x2b7c CMakeFiles/pico_tas_playback.dir/Users/adam/pico-sdk/src/rp2_common/hardware_clocks/clocks.c.o
 .debug_loclists
                0x0000b55c      0x1e0 CMakeFiles/pico_tas_playback.dir/Users/adam/pico-sdk/src/rp2_common/hardware_pll/pll.c.o
 .debug_loclists
                0x0000b73c       0x47 CMakeFiles/pico_tas_playback.dir/Users/adam/pico-sdk/src/rp2_common/hardware_ticks/ticks.c.o
 .debug_loclists
                0x0000b783      0x351 CMakeFiles/pico_tas_playback.dir/Users/adam/pico-sdk/src/rp2_common/pico_bootrom/bootrom.c.o
 .debug_loclists
                0x0000bad4       0x48 CMakeFiles/pico_tas_playback.dir/Users/adam/pico-sdk/src/rp2_common/hardware_xosc/xosc.c.o
 .debug_loclists
                0x0000bb1c       0x7e CMakeFiles/pico_tas_playback.dir/Users/adam/pico-sdk/src/rp2_common/pico_runtime/runtime.c.o
 .debug_loclists
                0x0000bb9a      0x139 CMakeFiles/pico_tas_playback.dir/Users/adam/pico-sdk/src/rp2_common/pico_runtime_init/runtime_init.c.o
 .debug_loclists
                0x0000bcd3       0x74 CMakeFiles/pico_tas_playback.dir/Users/adam/pico-sdk/src/rp2_common/pico_runtime_init/runtime_init_clocks.c.o
 .debug_loclists
                0x0000bd47       0x3d CMakeFiles/pico_tas_playback.dir/Users/adam/pico-sdk/src/rp2_common/pico_double/double_init_rom_rp2040.c.o
 .debug_loclists
                0x0000bd84       0x59 CMakeFiles/pico_tas_playback.dir/Users/adam/pico-sdk/src/rp2_common/pico_float/float_init_rom_rp2040.c.o
 .debug_loclists
                0x0000bddd      0x206 CMakeFiles/pico_tas_playback.dir/Users/adam/pico-sdk/src/rp2_common/pico_malloc/malloc.c.o
 .debug_loclists
                0x0000bfe3       0x80 CMakeFiles/pico_tas_playback.dir/Users/adam/pico-sdk/src/rp2_common/pico_cxx_options/new_delete.cpp.o
 .debug_loclists
                0x0000c063     0x355f CMakeFiles/pico_tas_playback.dir/Users/adam/pico-sdk/src/rp2_common/pico_printf/printf.c.o
 .debug_loclists
                0x0000f5c2      0x44e CMakeFiles/pico_tas_playback.dir/Users/adam/pico-sdk/src/rp2_common/pico_clib_interface/newlib_interface.c.o
 .debug_loclists
                0x0000fa10      0xf51 CMakeFiles/pico_tas_playback.dir/Users/adam/pico-sdk/src/rp2_common/pico_stdio/stdio.c.o
 .debug_loclists
                0x00010961     0x1ff4 CMakeFiles/pico_tas_playback.dir/Users/adam/pico-sdk/src/rp2_common/hardware_pio/pio.c.o

.debug_aranges  0x00000000      0xff0
 .debug_aranges
                0x00000000       0x30 CMakeFiles/pico_tas_playback.dir/src/main.cpp.o
 .debug_aranges
                0x00000030       0x38 CMakeFiles/pico_tas_playback.dir/src/ScriptReader.cpp.o
 .debug_aranges
                0x00000068      0x118 CMakeFiles/pico_tas_playback.dir/Users/adam/pico-sdk/src/rp2_common/hardware_gpio/gpio.c.o
 .debug_aranges
                0x00000180       0x28 CMakeFiles/pico_tas_playback.dir/Users/adam/pico-sdk/src/rp2_common/pico_platform_panic/panic.c.o
 .debug_aranges
                0x000001a8       0x48 CMakeFiles/pico_tas_playback.dir/Users/adam/pico-sdk/src/common/hardware_claim/claim.c.o
 .debug_aranges
                0x000001f0       0x48 CMakeFiles/pico_tas_playback.dir/Users/adam/pico-sdk/src/rp2_common/hardware_sync/sync.c.o
 .debug_aranges
                0x00000238       0x28 CMakeFiles/pico_tas_playback.dir/Users/adam/pico-sdk/src/rp2_common/hardware_sync_spin_lock/sync_spin_lock.c.o
 .debug_aranges
                0x00000260       0xb8 CMakeFiles/pico_tas_playback.dir/Users/adam/pico-sdk/src/rp2_common/hardware_irq/irq.c.o
 .debug_aranges
                0x00000318       0x20 CMakeFiles/pico_tas_playback.dir/Users/adam/pico-sdk/src/common/pico_sync/lock_core.c.o
 .debug_aranges
                0x00000338       0x98 CMakeFiles/pico_tas_playback.dir/Users/adam/pico-sdk/src/common/pico_sync/mutex.c.o
 .debug_aranges
                0x000003d0       0xe0 CMakeFiles/pico_tas_playback.dir/Users/adam/pico-sdk/src/common/pico_time/time.c.o
 .debug_aranges
                0x000004b0       0xf0 CMakeFiles/pico_tas_playback.dir/Users/adam/pico-sdk/src/rp2_common/hardware_timer/timer.c.o
 .debug_aranges
                0x000005a0       0x90 CMakeFiles/pico_tas_playback.dir/Users/adam/pico-sdk/src/rp2_common/hardware_clocks/clocks.c.o
 .debug_aranges
                0x00000630       0x28 CMakeFiles/pico_tas_playback.dir/Users/adam/pico-sdk/src/rp2_common/hardware_pll/pll.c.o
 .debug_aranges
                0x00000658       0x30 CMakeFiles/pico_tas_playback.dir/Users/adam/pico-sdk/src/rp2_common/hardware_ticks/ticks.c.o
 .debug_aranges
                0x00000688       0x40 CMakeFiles/pico_tas_playback.dir/Users/adam/pico-sdk/src/rp2_common/pico_bootrom/bootrom.c.o
 .debug_aranges
                0x000006c8       0x30 CMakeFiles/pico_tas_playback.dir/Users/adam/pico-sdk/src/rp2_common/hardware_xosc/xosc.c.o
 .debug_aranges
                0x000006f8       0x38 CMakeFiles/pico_tas_playback.dir/Users/adam/pico-sdk/src/rp2_common/pico_runtime/runtime.c.o
 .debug_aranges
                0x00000730       0x48 CMakeFiles/pico_tas_playback.dir/Users/adam/pico-sdk/src/rp2_common/pico_runtime_init/runtime_init.c.o
 .debug_aranges
                0x00000778       0x20 CMakeFiles/pico_tas_playback.dir/Users/adam/pico-sdk/src/rp2_common/pico_runtime_init/runtime_init_clocks.c.o
 .debug_aranges
                0x00000798       0x60 CMakeFiles/pico_tas_playback.dir/Users/adam/pico-sdk/src/rp2_common/pico_bit_ops/bit_ops_aeabi.S.o
 .debug_aranges
                0x000007f8       0x40 CMakeFiles/pico_tas_playback.dir/Users/adam/pico-sdk/src/rp2_common/pico_divider/divider_hardware.S.o
 .debug_aranges
                0x00000838      0x150 CMakeFiles/pico_tas_playback.dir/Users/adam/pico-sdk/src/rp2_common/pico_double/double_aeabi_rp2040.S.o
 .debug_aranges
                0x00000988       0x20 CMakeFiles/pico_tas_playback.dir/Users/adam/pico-sdk/src/rp2_common/pico_double/double_init_rom_rp2040.c.o
 .debug_aranges
                0x000009a8       0xc8 CMakeFiles/pico_tas_playback.dir/Users/adam/pico-sdk/src/rp2_common/pico_double/double_v1_rom_shim_rp2040.S.o
 .debug_aranges
                0x00000a70      0x138 CMakeFiles/pico_tas_playback.dir/Users/adam/pico-sdk/src/rp2_common/pico_float/float_aeabi_rp2040.S.o
 .debug_aranges
                0x00000ba8       0x20 CMakeFiles/pico_tas_playback.dir/Users/adam/pico-sdk/src/rp2_common/pico_float/float_init_rom_rp2040.c.o
 .debug_aranges
                0x00000bc8       0x50 CMakeFiles/pico_tas_playback.dir/Users/adam/pico-sdk/src/rp2_common/pico_float/float_v1_rom_shim_rp2040.S.o
 .debug_aranges
                0x00000c18       0x38 CMakeFiles/pico_tas_playback.dir/Users/adam/pico-sdk/src/rp2_common/pico_malloc/malloc.c.o
 .debug_aranges
                0x00000c50       0x38 CMakeFiles/pico_tas_playback.dir/Users/adam/pico-sdk/src/rp2_common/pico_mem_ops/mem_ops_aeabi.S.o
 .debug_aranges
                0x00000c88       0x48 CMakeFiles/pico_tas_playback.dir/Users/adam/pico-sdk/src/rp2_common/pico_cxx_options/new_delete.cpp.o
 .debug_aranges
                0x00000cd0       0x18 CMakeFiles/pico_tas_playback.dir/Users/adam/pico-sdk/src/rp2_common/pico_standard_binary_info/standard_binary_info.c.o
 .debug_aranges
                0x00000ce8       0x90 CMakeFiles/pico_tas_playback.dir/Users/adam/pico-sdk/src/rp2_common/pico_printf/printf.c.o
 .debug_aranges
                0x00000d78       0x28 CMakeFiles/pico_tas_playback.dir/Users/adam/pico-sdk/src/rp2_common/pico_crt0/crt0.S.o
 .debug_aranges
                0x00000da0       0xa8 CMakeFiles/pico_tas_playback.dir/Users/adam/pico-sdk/src/rp2_common/pico_clib_interface/newlib_interface.c.o
 .debug_aranges
                0x00000e48       0xc8 CMakeFiles/pico_tas_playback.dir/Users/adam/pico-sdk/src/rp2_common/pico_stdio/stdio.c.o
 .debug_aranges
                0x00000f10       0xe0 CMakeFiles/pico_tas_playback.dir/Users/adam/pico-sdk/src/rp2_common/hardware_pio/pio.c.o

.debug_rnglists
                0x00000000     0x322a
 .debug_rnglists
                0x00000000      0x277 CMakeFiles/pico_tas_playback.dir/src/main.cpp.o
 .debug_rnglists
                0x00000277       0x75 CMakeFiles/pico_tas_playback.dir/src/ScriptReader.cpp.o
 .debug_rnglists
                0x000002ec      0x5ca CMakeFiles/pico_tas_playback.dir/Users/adam/pico-sdk/src/rp2_common/hardware_gpio/gpio.c.o
 .debug_rnglists
                0x000008b6       0x19 CMakeFiles/pico_tas_playback.dir/Users/adam/pico-sdk/src/rp2_common/pico_platform_panic/panic.c.o
 .debug_rnglists
                0x000008cf       0xb6 CMakeFiles/pico_tas_playback.dir/Users/adam/pico-sdk/src/common/hardware_claim/claim.c.o
 .debug_rnglists
                0x00000985       0x58 CMakeFiles/pico_tas_playback.dir/Users/adam/pico-sdk/src/rp2_common/hardware_sync/sync.c.o
 .debug_rnglists
                0x000009dd       0x3d CMakeFiles/pico_tas_playback.dir/Users/adam/pico-sdk/src/rp2_common/hardware_sync_spin_lock/sync_spin_lock.c.o
 .debug_rnglists
                0x00000a1a      0x37d CMakeFiles/pico_tas_playback.dir/Users/adam/pico-sdk/src/rp2_common/hardware_irq/irq.c.o
 .debug_rnglists
                0x00000d97       0x1f CMakeFiles/pico_tas_playback.dir/Users/adam/pico-sdk/src/common/pico_sync/lock_core.c.o
 .debug_rnglists
                0x00000db6      0x325 CMakeFiles/pico_tas_playback.dir/Users/adam/pico-sdk/src/common/pico_sync/mutex.c.o
 .debug_rnglists
                0x000010db      0x7dc CMakeFiles/pico_tas_playback.dir/Users/adam/pico-sdk/src/common/pico_time/time.c.o
 .debug_rnglists
                0x000018b7      0x2c6 CMakeFiles/pico_tas_playback.dir/Users/adam/pico-sdk/src/rp2_common/hardware_timer/timer.c.o
 .debug_rnglists
                0x00001b7d      0x5be CMakeFiles/pico_tas_playback.dir/Users/adam/pico-sdk/src/rp2_common/hardware_clocks/clocks.c.o
 .debug_rnglists
                0x0000213b       0x5c CMakeFiles/pico_tas_playback.dir/Users/adam/pico-sdk/src/rp2_common/hardware_pll/pll.c.o
 .debug_rnglists
                0x00002197       0x2b CMakeFiles/pico_tas_playback.dir/Users/adam/pico-sdk/src/rp2_common/hardware_ticks/ticks.c.o
 .debug_rnglists
                0x000021c2      0x112 CMakeFiles/pico_tas_playback.dir/Users/adam/pico-sdk/src/rp2_common/pico_bootrom/bootrom.c.o
 .debug_rnglists
                0x000022d4       0x1f CMakeFiles/pico_tas_playback.dir/Users/adam/pico-sdk/src/rp2_common/hardware_xosc/xosc.c.o
 .debug_rnglists
                0x000022f3       0x3d CMakeFiles/pico_tas_playback.dir/Users/adam/pico-sdk/src/rp2_common/pico_runtime/runtime.c.o
 .debug_rnglists
                0x00002330       0x4a CMakeFiles/pico_tas_playback.dir/Users/adam/pico-sdk/src/rp2_common/pico_runtime_init/runtime_init.c.o
 .debug_rnglists
                0x0000237a       0x20 CMakeFiles/pico_tas_playback.dir/Users/adam/pico-sdk/src/rp2_common/pico_runtime_init/runtime_init_clocks.c.o
 .debug_rnglists
                0x0000239a       0x43 CMakeFiles/pico_tas_playback.dir/Users/adam/pico-sdk/src/rp2_common/pico_bit_ops/bit_ops_aeabi.S.o
 .debug_rnglists
                0x000023dd       0x2c CMakeFiles/pico_tas_playback.dir/Users/adam/pico-sdk/src/rp2_common/pico_divider/divider_hardware.S.o
 .debug_rnglists
                0x00002409       0xf9 CMakeFiles/pico_tas_playback.dir/Users/adam/pico-sdk/src/rp2_common/pico_double/double_aeabi_rp2040.S.o
 .debug_rnglists